 win32_handmade

 Timestamp is 5912cdd0 (Wed May 10 04:22:40 2017)

 Preferred load address is 0000000140000000

 Start         Length     Name                   Class
 0001:00000000 000001dbH .text                   CODE
 0001:000001e0 00010a9cH .text$mn                CODE
 0001:00010c80 00000012H .text$mn$00             CODE
 0001:00010ca0 00000210H .text$x                 CODE
 0002:00000000 000002c0H .idata$5                DATA
 0002:000002c0 00000010H .00cfg                  DATA
 0002:000002d0 00000008H .CRT$XCA                DATA
 0002:000002d8 00000008H .CRT$XCAA               DATA
 0002:000002e0 00000008H .CRT$XCZ                DATA
 0002:000002e8 00000008H .CRT$XIA                DATA
 0002:000002f0 00000008H .CRT$XIAA               DATA
 0002:000002f8 00000008H .CRT$XIAC               DATA
 0002:00000300 00000018H .CRT$XIC                DATA
 0002:00000318 00000008H .CRT$XIZ                DATA
 0002:00000320 00000008H .CRT$XPA                DATA
 0002:00000328 00000010H .CRT$XPX                DATA
 0002:00000338 00000008H .CRT$XPXA               DATA
 0002:00000340 00000008H .CRT$XPZ                DATA
 0002:00000348 00000008H .CRT$XTA                DATA
 0002:00000350 00000008H .CRT$XTZ                DATA
 0002:00000358 00000000H .gfids$x                DATA
 0002:00000360 00007e74H .rdata                  DATA
 0002:000081d8 00000000H .rdata$r                DATA
 0002:000081d8 00000010H .rdata$zETW0            DATA
 0002:000081e8 00000077H .rdata$zETW1            DATA
 0002:0000825f 0000002cH .rdata$zETW2            DATA
 0002:0000828b 00000001H .rdata$zETW9            DATA
 0002:0000828c 00000358H .rdata$zzzdbg           DATA
 0002:000085e8 00000008H .rtc$IAA                DATA
 0002:000085f0 00000008H .rtc$IZZ                DATA
 0002:000085f8 00000008H .rtc$TAA                DATA
 0002:00008600 00000008H .rtc$TZZ                DATA
 0002:00008608 00000cacH .xdata                  DATA
 0002:000092b4 00000000H .edata                  DATA
 0002:000092b4 00000050H .idata$2                DATA
 0002:00009304 00000014H .idata$3                DATA
 0002:00009318 000002c0H .idata$4                DATA
 0002:000095d8 00000636H .idata$6                DATA
 0003:00000000 00000950H .data                   DATA
 0003:00000950 00000000H .data$r                 DATA
 0003:00000950 00001200H .bss                    DATA
 0004:00000000 00000fc0H .pdata                  DATA

  Address         Publics by Value              Rva+Base               Lib:Object

 0000:00000000       __guard_fids_count         0000000000000000     <absolute>
 0000:00000000       ___safe_se_handler_count   0000000000000000     <absolute>
 0000:00000000       ___safe_se_handler_table   0000000000000000     <absolute>
 0000:00000000       __guard_fids_table         0000000000000000     <absolute>
 0000:00000100       __guard_flags              0000000000000100     <absolute>
 0000:00000000       __ImageBase                0000000140000000     <linker-defined>
 0001:00000000       ?TraceLoggingRegister@__vcrt_trace_logging_provider@@YAJPEBU_TlgProvider_t@1@PEBU_GUID@@P6AX1KE_K2PEAU_EVENT_FILTER_DESCRIPTOR@@PEAX@Z4@Z 0000000140001000 f i libvcruntime:telemetry.obj
 0001:0000007c       ?_TlgEnableCallback@__vcrt_trace_logging_provider@@YAXPEBU_GUID@@KE_K1PEAU_EVENT_FILTER_DESCRIPTOR@@PEAX@Z 000000014000107c f i libvcruntime:telemetry.obj
 0001:00000140       ?_TlgWrite@__vcrt_trace_logging_provider@@YAJPEBU_TlgProvider_t@1@PEFBXPEBU_GUID@@2IPEAU_EVENT_DATA_DESCRIPTOR@@@Z 0000000140001140 f i libvcruntime:telemetry.obj
 0001:000001e0       WinMain                    00000001400011e0 f   win32_handmade.obj
 0001:00000b70       ?XInputGetStateStub@@YAKKPEAU_XINPUT_STATE@@@Z 0000000140001b70 f   win32_handmade.obj
 0001:00000b90       ?XInputSetStateStub@@YAKKPEAU_XINPUT_VIBRATION@@@Z 0000000140001b90 f   win32_handmade.obj
 0001:00000c90       ?game_update_render@@YAXPEAUgame_memory@@PEAUgame_input@@PEAUgame_screen@@@Z 0000000140001c90 f   win32_handmade.obj
 0001:00001610       ??$__vcrt_va_start_verify_argument_type@PEBD@@YAXXZ 0000000140002610 f i win32_handmade.obj
 0001:00001620       ??$_snprintf_s@$0DOI@@@YAHAEAY0DOI@D_KPEBDZZ 0000000140002620 f i win32_handmade.obj
 0001:00001670       ?GetController@@YAPEAUgame_controller_input@@PEAUgame_input@@I@Z 0000000140002670 f i win32_handmade.obj
 0001:000016c0       __local_stdio_printf_options 00000001400026c0 f i win32_handmade.obj
 0001:000016d0       _vsnprintf_s               00000001400026d0 f i win32_handmade.obj
 0001:00001720       _vsnprintf_s_l             0000000140002720 f i win32_handmade.obj
 0001:000017a0       __GSHandlerCheck           00000001400027a0 f   LIBCMT:_gshandler_.obj
 0001:000017c0       __GSHandlerCheckCommon     00000001400027c0 f   LIBCMT:_gshandler_.obj
 0001:00001830       __security_check_cookie    0000000140002830 f   LIBCMT:_amdsecgs_.obj
 0001:00001ab0       WinMainCRTStartup          0000000140002ab0 f   LIBCMT:exe_winmain.obj
 0001:00001ac4       __raise_securityfailure    0000000140002ac4 f   LIBCMT:gs_report.obj
 0001:00001af8       __report_gsfailure         0000000140002af8 f   LIBCMT:gs_report.obj
 0001:00001bcc       __report_rangecheckfailure 0000000140002bcc f   LIBCMT:gs_report.obj
 0001:00001be0       __report_securityfailure   0000000140002be0 f   LIBCMT:gs_report.obj
 0001:00001d60       __scrt_acquire_startup_lock 0000000140002d60 f   LIBCMT:utility.obj
 0001:00001d9c       __scrt_initialize_crt      0000000140002d9c f   LIBCMT:utility.obj
 0001:00001de8       __scrt_initialize_onexit_tables 0000000140002de8 f   LIBCMT:utility.obj
 0001:00001eb4       __scrt_is_nonwritable_in_current_image 0000000140002eb4 f   LIBCMT:utility.obj
 0001:00001f50       __scrt_release_startup_lock 0000000140002f50 f   LIBCMT:utility.obj
 0001:00001f74       __scrt_uninitialize_crt    0000000140002f74 f   LIBCMT:utility.obj
 0001:00001fa0       _onexit                    0000000140002fa0 f   LIBCMT:utility.obj
 0001:00001ff0       atexit                     0000000140002ff0 f   LIBCMT:utility.obj
 0001:00002008       __security_init_cookie     0000000140003008 f   LIBCMT:gs_support.obj
 0001:000020b4       _get_startup_argv_mode     00000001400030b4 f   LIBCMT:argv_mode.obj
 0001:000020bc       _get_startup_file_mode     00000001400030bc f   LIBCMT:file_mode.obj
 0001:000020c4       _get_startup_commit_mode   00000001400030c4 f   LIBCMT:commit_mode.obj
 0001:000020c4       __scrt_initialize_winrt    00000001400030c4 f   LIBCMT:utility_desktop.obj
 0001:000020c4       _get_startup_thread_locale_mode 00000001400030c4 f   LIBCMT:thread_locale.obj
 0001:000020c4       _matherr                   00000001400030c4 f   LIBCMT:matherr.obj
 0001:000020c4       _get_startup_new_mode      00000001400030c4 f   LIBCMT:new_mode.obj
 0001:000020c8       ?__scrt_initialize_type_info@@YAXXZ 00000001400030c8 f   LIBCMT:tncleanup.obj
 0001:000020d8       __except_validate_context_record 00000001400030d8 f   libvcruntime:jbcxrval.obj
 0001:000020d8       _guard_check_icall_nop     00000001400030d8 f   LIBCMT:guard_support.obj
 0001:000020d8       _initialize_denormal_control 00000001400030d8 f   LIBCMT:denormal_control.obj
 0001:000020d8       _initialize_invalid_parameter_handler 00000001400030d8 f   LIBCMT:invalid_parameter_handler.obj
 0001:000020dc       __local_stdio_scanf_options 00000001400030dc f i LIBCMT:default_local_stdio_options.obj
 0001:000020e4       __scrt_initialize_default_local_stdio_options 00000001400030e4 f   LIBCMT:default_local_stdio_options.obj
 0001:00002100       __scrt_is_user_matherr_present 0000000140003100 f   LIBCMT:matherr_detection.obj
 0001:0000210c       __scrt_get_dyn_tls_init_callback 000000014000310c f   LIBCMT:dyn_tls_init.obj
 0001:00002114       __scrt_get_dyn_tls_dtor_callback 0000000140003114 f   LIBCMT:dyn_tls_dtor.obj
 0001:0000211c       __crt_debugger_hook        000000014000311c f   LIBCMT:utility_desktop.obj
 0001:00002124       __scrt_fastfail            0000000140003124 f   LIBCMT:utility_desktop.obj
 0001:0000226c       __scrt_get_show_window_mode 000000014000326c f   LIBCMT:utility_desktop.obj
 0001:000022ac       __scrt_is_managed_app      00000001400032ac f   LIBCMT:utility_desktop.obj
 0001:00002300       __scrt_set_unhandled_exception_filter 0000000140003300 f   LIBCMT:utility_desktop.obj
 0001:00002310       __scrt_unhandled_exception_filter 0000000140003310 f   LIBCMT:utility_desktop.obj
 0001:00002348       _RTC_Initialize            0000000140003348 f   LIBCMT:_initsect_.obj
 0001:00002394       _RTC_Terminate             0000000140003394 f   LIBCMT:_initsect_.obj
 0001:000023e0       _guard_check_icall         00000001400033e0 f i LIBCMT:checkcfg.obj
 0001:000023e8       __isa_available_init       00000001400033e8 f   LIBCMT:_cpu_disp_.obj
 0001:000025ac       __scrt_is_ucrt_dll_in_use  00000001400035ac f   LIBCMT:ucrt_detection.obj
 0001:000025c0       IsProcessorFeaturePresent  00000001400035c0 f   kernel32:KERNEL32.dll
 0001:000025cc       __telemetry_main_invoke_trigger 00000001400035cc f   libvcruntime:telemetry.obj
 0001:000026e4       __telemetry_main_return_trigger 00000001400036e4 f   libvcruntime:telemetry.obj
 0001:000027fc       __vcrt_initialize_telemetry_provider 00000001400037fc f   libvcruntime:telemetry.obj
 0001:00002810       __vcrt_uninitialize_telemetry_provider 0000000140003810 f   libvcruntime:telemetry.obj
 0001:00002830       __C_specific_handler       0000000140003830 f   libvcruntime:_chandler_.obj
 0001:00002a20       __vcrt_initialize          0000000140003a20 f   libvcruntime:initialization.obj
 0001:00002a58       __vcrt_uninitialize        0000000140003a58 f   libvcruntime:initialization.obj
 0001:00002aa0       memset                     0000000140003aa0 f   libvcruntime:memset.obj
 0001:00002e08       __vcrt_EventRegister       0000000140003e08 f   libvcruntime:winapi_downlevel.obj
 0001:00002e8c       __vcrt_EventSetInformation 0000000140003e8c f   libvcruntime:winapi_downlevel.obj
 0001:00002f10       __vcrt_EventUnregister     0000000140003f10 f   libvcruntime:winapi_downlevel.obj
 0001:00002f64       __vcrt_EventWriteTransfer  0000000140003f64 f   libvcruntime:winapi_downlevel.obj
 0001:00002ffc       __vcrt_FlsAlloc            0000000140003ffc f   libvcruntime:winapi_downlevel.obj
 0001:00003050       __vcrt_FlsFree             0000000140004050 f   libvcruntime:winapi_downlevel.obj
 0001:000030a4       __vcrt_FlsSetValue         00000001400040a4 f   libvcruntime:winapi_downlevel.obj
 0001:0000310c       __vcrt_InitializeCriticalSectionEx 000000014000410c f   libvcruntime:winapi_downlevel.obj
 0001:00003184       __vcrt_initialize_winapi_thunks 0000000140004184 f   libvcruntime:winapi_downlevel.obj
 0001:000031bc       __vcrt_uninitialize_winapi_thunks 00000001400041bc f   libvcruntime:winapi_downlevel.obj
 0001:00003210       _local_unwind              0000000140004210 f   libvcruntime:_jmpuwind_.obj
 0001:00003240       _NLG_Notify                0000000140004240 f   libvcruntime:_jmpuwind_.obj
 0001:00003260       __NLG_Dispatch2            0000000140004260 f   libvcruntime:_jmpuwind_.obj
 0001:00003270       __NLG_Return2              0000000140004270 f   libvcruntime:_jmpuwind_.obj
 0001:00003274       __vcrt_freefls             0000000140004274 f   libvcruntime:per_thread_data.obj
 0001:00003294       __vcrt_initialize_ptd      0000000140004294 f   libvcruntime:per_thread_data.obj
 0001:000032d4       __vcrt_uninitialize_ptd    00000001400042d4 f   libvcruntime:per_thread_data.obj
 0001:000032f8       __vcrt_initialize_locks    00000001400042f8 f   libvcruntime:locks.obj
 0001:00003340       __vcrt_uninitialize_locks  0000000140004340 f   libvcruntime:locks.obj
 0001:00003378       __vcrt_initialize_pure_virtual_call_handler 0000000140004378 f   libvcruntime:purevirt_data.obj
 0001:00003544       ??$ensure_buffer_is_big_enough@D@formatting_buffer@__crt_stdio_output@@QEAA_N_K@Z 0000000140004544 f i libucrt:output.obj
 0001:000035f0       ??$is_wide_character_specifier@D@__crt_stdio_output@@YA_N_KDW4length_modifier@0@@Z 00000001400045f0 f i libucrt:output.obj
 0001:00003620       ??$type_case_integer_parse_into_buffer@I@?$output_processor@DV?$string_output_adapter@D@__crt_stdio_output@@V?$format_validation_base@DV?$string_output_adapter@D@__crt_stdio_output@@@2@@__crt_stdio_output@@AEAAXII_N@Z 0000000140004620 f i libucrt:output.obj
 0001:000036bc       ??$type_case_integer_parse_into_buffer@_K@?$output_processor@DV?$string_output_adapter@D@__crt_stdio_output@@V?$format_validation_base@DV?$string_output_adapter@D@__crt_stdio_output@@@2@@__crt_stdio_output@@AEAAX_KI_N@Z 00000001400046bc f i libucrt:output.obj
 0001:00003758       ??$write_multiple_characters@V?$string_output_adapter@D@__crt_stdio_output@@D@__crt_stdio_output@@YAXAEBV?$string_output_adapter@D@0@DHQEAH@Z 0000000140004758 f i libucrt:output.obj
 0001:000037b4       ??0?$output_processor@DV?$string_output_adapter@D@__crt_stdio_output@@V?$format_validation_base@DV?$string_output_adapter@D@__crt_stdio_output@@@2@@__crt_stdio_output@@QEAA@AEBV?$string_output_adapter@D@1@_KQEBDQEAU__crt_locale_pointers@@QEAD@Z 00000001400047b4 f i libucrt:output.obj
 0001:00003830       ??0_LocaleUpdate@@QEAA@QEAU__crt_locale_pointers@@@Z 0000000140004830 f i libucrt:output.obj
 0001:000038c0       ?force_decimal_point@__crt_stdio_output@@YAXPEADQEAU__crt_locale_pointers@@@Z 00000001400048c0 f i libucrt:output.obj
 0001:00003930       ?parse_int_from_format_string@?$output_processor@DV?$string_output_adapter@D@__crt_stdio_output@@V?$format_validation_base@DV?$string_output_adapter@D@__crt_stdio_output@@@2@@__crt_stdio_output@@AEAA_NQEAH@Z 0000000140004930 f i libucrt:output.obj
 0001:000039b4       ?process@?$output_processor@DV?$string_output_adapter@D@__crt_stdio_output@@V?$format_validation_base@DV?$string_output_adapter@D@__crt_stdio_output@@@2@@__crt_stdio_output@@QEAAHXZ 00000001400049b4 f i libucrt:output.obj
 0001:00003bc8       ?state_case_normal@?$output_processor@DV?$string_output_adapter@D@__crt_stdio_output@@V?$format_validation_base@DV?$string_output_adapter@D@__crt_stdio_output@@@2@@__crt_stdio_output@@AEAA_NXZ 0000000140004bc8 f i libucrt:output.obj
 0001:00003c3c       ?state_case_normal_tchar@?$output_processor@DV?$string_output_adapter@D@__crt_stdio_output@@V?$format_validation_base@DV?$string_output_adapter@D@__crt_stdio_output@@@2@@__crt_stdio_output@@AEAA_ND@Z 0000000140004c3c f i libucrt:output.obj
 0001:00003cd4       ?state_case_size@?$output_processor@DV?$string_output_adapter@D@__crt_stdio_output@@V?$format_validation_base@DV?$string_output_adapter@D@__crt_stdio_output@@@2@@__crt_stdio_output@@AEAA_NXZ 0000000140004cd4 f i libucrt:output.obj
 0001:00003e50       ?state_case_type@?$output_processor@DV?$string_output_adapter@D@__crt_stdio_output@@V?$format_validation_base@DV?$string_output_adapter@D@__crt_stdio_output@@@2@@__crt_stdio_output@@AEAA_NXZ 0000000140004e50 f i libucrt:output.obj
 0001:000040cc       ?type_case_Z@?$output_processor@DV?$string_output_adapter@D@__crt_stdio_output@@V?$format_validation_base@DV?$string_output_adapter@D@__crt_stdio_output@@@2@@__crt_stdio_output@@AEAA_NXZ 00000001400050cc f i libucrt:output.obj
 0001:0000414c       ?type_case_a@?$output_processor@DV?$string_output_adapter@D@__crt_stdio_output@@V?$format_validation_base@DV?$string_output_adapter@D@__crt_stdio_output@@@2@@__crt_stdio_output@@AEAA_NXZ 000000014000514c f i libucrt:output.obj
 0001:00004368       ?type_case_c_tchar@?$output_processor@DV?$string_output_adapter@D@__crt_stdio_output@@V?$format_validation_base@DV?$string_output_adapter@D@__crt_stdio_output@@@2@@__crt_stdio_output@@AEAA_ND@Z 0000000140005368 f i libucrt:output.obj
 0001:0000441c       ?type_case_integer@?$output_processor@DV?$string_output_adapter@D@__crt_stdio_output@@V?$format_validation_base@DV?$string_output_adapter@D@__crt_stdio_output@@@2@@__crt_stdio_output@@AEAA_NI_N@Z 000000014000541c f i libucrt:output.obj
 0001:000045bc       ?type_case_n@?$output_processor@DV?$string_output_adapter@D@__crt_stdio_output@@V?$format_validation_base@DV?$string_output_adapter@D@__crt_stdio_output@@@2@@__crt_stdio_output@@AEAA_NXZ 00000001400055bc f i libucrt:output.obj
 0001:00004698       ?type_case_s@?$output_processor@DV?$string_output_adapter@D@__crt_stdio_output@@V?$format_validation_base@DV?$string_output_adapter@D@__crt_stdio_output@@@2@@__crt_stdio_output@@AEAA_NXZ 0000000140005698 f i libucrt:output.obj
 0001:00004728       ?write_stored_string_tchar@?$output_processor@DV?$string_output_adapter@D@__crt_stdio_output@@V?$format_validation_base@DV?$string_output_adapter@D@__crt_stdio_output@@@2@@__crt_stdio_output@@AEAA_ND@Z 0000000140005728 f i libucrt:output.obj
 0001:00004800       ?write_string@?$string_output_adapter@D@__crt_stdio_output@@QEBAXQEBDHQEAH1@Z 0000000140005800 f i libucrt:output.obj
 0001:000048bc       __stdio_common_vsnprintf_s 00000001400058bc f   libucrt:output.obj
 0001:00004a20       sinf                       0000000140005a20 f   libucrt:sinf.obj
 0001:00005118       _seh_filter_exe            0000000140006118 f   libucrt:exception_filter.obj
 0001:000052a8       _query_app_type            00000001400062a8 f   libucrt:report_runtime_error.obj
 0001:000052b0       _set_app_type              00000001400062b0 f   libucrt:report_runtime_error.obj
 0001:000052b8       __acrt_has_user_matherr    00000001400062b8 f   libucrt:matherr.obj
 0001:000052d8       __acrt_initialize_user_matherr 00000001400062d8 f   libucrt:matherr.obj
 0001:000052e0       __acrt_invoke_user_matherr 00000001400062e0 f   libucrt:matherr.obj
 0001:00005328       __setusermatherr           0000000140006328 f   libucrt:matherr.obj
 0001:0000550c       __acrt_allocate_buffer_for_argv 000000014000650c f   libucrt:argv_parsing.obj
 0001:00005570       _configure_narrow_argv     0000000140006570 f   libucrt:argv_parsing.obj
 0001:000058cc       __dcrt_uninitialize_environments_nolock 00000001400068cc f   libucrt:environment_initialization.obj
 0001:00005904       _initialize_narrow_environment 0000000140006904 f   libucrt:environment_initialization.obj
 0001:0000590c       _get_narrow_winmain_command_line 000000014000690c f   libucrt:argv_winmain.obj
 0001:0000597c       _initterm                  000000014000697c f   libucrt:initterm.obj
 0001:000059f4       _initterm_e                00000001400069f4 f   libucrt:initterm.obj
 0001:00005c70       __acrt_initialize_thread_local_exit_callback 0000000140006c70 f   libucrt:exit.obj
 0001:00005c78       _c_exit                    0000000140006c78 f   libucrt:exit.obj
 0001:00005c88       _cexit                     0000000140006c88 f   libucrt:exit.obj
 0001:00005c98       _exit                      0000000140006c98 f   libucrt:exit.obj
 0001:00005ca4       _register_thread_local_exe_atexit_callback 0000000140006ca4 f   libucrt:exit.obj
 0001:00005ce8       exit                       0000000140006ce8 f   libucrt:exit.obj
 0001:00005cf4       _set_fmode                 0000000140006cf4 f   libucrt:setmode.obj
 0001:00005d34       __acrt_set_locale_changed  0000000140006d34 f   libucrt:wsetlocale.obj
 0001:00005d40       __acrt_uninitialize_locale 0000000140006d40 f   libucrt:wsetlocale.obj
 0001:00005d88       _configthreadlocale        0000000140006d88 f   libucrt:wsetlocale.obj
 0001:00005df4       _query_new_mode            0000000140006df4 f   libucrt:new_mode.obj
 0001:00005dfc       _set_new_mode              0000000140006dfc f   libucrt:new_mode.obj
 0001:00005e28       __p__commode               0000000140006e28 f   libucrt:ncommode.obj
 0001:00005e30       ??$?RV<lambda_b8c45f8f788dd370798f47cfe8ac3a86>@@AEAV<lambda_4e60a939b0d047cfe11ddc22648dfba9>@@V<lambda_332c3edc96d0294ec56c57d38c1cdfd5>@@@?$__crt_seh_guarded_call@H@@QEAAH$$QEAV<lambda_b8c45f8f788dd370798f47cfe8ac3a86>@@AEAV<lambda_4e60a939b0d047cfe11ddc22648dfba9>@@$$QEAV<lambda_332c3edc96d0294ec56c57d38c1cdfd5>@@@Z 0000000140006e30 f i libucrt:onexit.obj
 0001:00005e6c       ??$?RV<lambda_e24bbb7b643b32fcea6fa61b31d4c984>@@AEAV<lambda_275893d493268fdec8709772e3fcec0e>@@V<lambda_9d71df4d7cf3f480f8d633942495c3b0>@@@?$__crt_seh_guarded_call@H@@QEAAH$$QEAV<lambda_e24bbb7b643b32fcea6fa61b31d4c984>@@AEAV<lambda_275893d493268fdec8709772e3fcec0e>@@$$QEAV<lambda_9d71df4d7cf3f480f8d633942495c3b0>@@@Z 0000000140006e6c f i libucrt:onexit.obj
 0001:000061e8       _crt_atexit                00000001400071e8 f   libucrt:onexit.obj
 0001:000061f8       _execute_onexit_table      00000001400071f8 f   libucrt:onexit.obj
 0001:00006234       _initialize_onexit_table   0000000140007234 f   libucrt:onexit.obj
 0001:00006274       _register_onexit_function  0000000140007274 f   libucrt:onexit.obj
 0001:000062f4       __acrt_uninitialize_command_line 00000001400072f4 f   libucrt:argv_data.obj
 0001:000063f4       __acrt_initialize          00000001400073f4 f   libucrt:initialization.obj
 0001:00006408       __acrt_uninitialize        0000000140007408 f   libucrt:initialization.obj
 0001:0000641c       terminate                  000000014000741c f   libucrt:terminate.obj
 0001:00006444       _free_base                 0000000140007444 f   libucrt:free_base.obj
 0001:00006484       _malloc_base               0000000140007484 f   libucrt:malloc_base.obj
 0001:000064e4       strcpy_s                   00000001400074e4 f   libucrt:strcpy_s.obj
 0001:00006544       abort                      0000000140007544 f   libucrt:abort.obj
 0001:0000659c       _calloc_base               000000014000759c f   libucrt:calloc_base.obj
 0001:00006614       ??$is_overflow_condition@K@__crt_strtox@@YA_NIK@Z 0000000140007614 f i libucrt:atox.obj
 0001:00006640       ??$parse_integer@KV?$c_string_character_source@D@__crt_strtox@@@__crt_strtox@@YAKQEAU__crt_locale_pointers@@V?$c_string_character_source@D@0@H_N@Z 0000000140007640 f i libucrt:atox.obj
 0001:00006954       __acrt_call_reportfault    0000000140007954 f   libucrt:invalid_parameter.obj
 0001:00006ab0       __acrt_initialize_invalid_parameter_handler 0000000140007ab0 f   libucrt:invalid_parameter.obj
 0001:00006ab8       _invalid_parameter         0000000140007ab8 f   libucrt:invalid_parameter.obj
 0001:00006b60       _invalid_parameter_noinfo  0000000140007b60 f   libucrt:invalid_parameter.obj
 0001:00006b80       _invoke_watson             0000000140007b80 f   libucrt:invalid_parameter.obj
 0001:00006bc8       isdigit                    0000000140007bc8 f i libucrt:_ctype.obj
 0001:00006c8c       _tolower_l                 0000000140007c8c f   libucrt:tolower_toupper.obj
 0001:00006dcc       tolower                    0000000140007dcc f   libucrt:tolower_toupper.obj
 0001:00006df8       __acrt_errno_from_os_error 0000000140007df8 f   libucrt:errno.obj
 0001:00006e40       __acrt_errno_map_os_error  0000000140007e40 f   libucrt:errno.obj
 0001:00006e90       __doserrno                 0000000140007e90 f   libucrt:errno.obj
 0001:00006eb0       _errno                     0000000140007eb0 f   libucrt:errno.obj
 0001:00006ed0       ??$make_c_string_character_source@DPEAPEAD@__crt_strtox@@YA?AV?$c_string_character_source@D@0@QEBDQEAPEAD@Z 0000000140007ed0 f i libucrt:strtox.obj
 0001:00006ee4       strtol                     0000000140007ee4 f   libucrt:strtox.obj
 0001:00006f14       _mbtowc_l                  0000000140007f14 f   libucrt:mbtowc.obj
 0001:0000705c       mbtowc                     000000014000805c f   libucrt:mbtowc.obj
 0001:00007064       _wctomb_s_l                0000000140008064 f   libucrt:wctomb.obj
 0001:000071e8       wctomb_s                   00000001400081e8 f   libucrt:wctomb.obj
 0001:000071fc       strnlen                    00000001400081fc f   libucrt:strnlen.obj
 0001:00007358       wcsnlen                    0000000140008358 f   libucrt:strnlen.obj
 0001:00007548       ??$?RV<lambda_46352004c1216016012b18bd6f87e700>@@AEAV<lambda_3bd07e1a1191394380780325891bf33f>@@V<lambda_334532d3f185bcaa59b5be82d7d22bff>@@@?$__crt_seh_guarded_call@X@@QEAAX$$QEAV<lambda_46352004c1216016012b18bd6f87e700>@@AEAV<lambda_3bd07e1a1191394380780325891bf33f>@@$$QEAV<lambda_334532d3f185bcaa59b5be82d7d22bff>@@@Z 0000000140008548 f i libucrt:per_thread_data.obj
 0001:000075a8       ??$?RV<lambda_5e887d1dcbef67a5eb4283622ba103bf>@@AEAV<lambda_4466841279450cc726390878d4a41900>@@V<lambda_341c25c0346d94847f1f3c463c57e077>@@@?$__crt_seh_guarded_call@X@@QEAAX$$QEAV<lambda_5e887d1dcbef67a5eb4283622ba103bf>@@AEAV<lambda_4466841279450cc726390878d4a41900>@@$$QEAV<lambda_341c25c0346d94847f1f3c463c57e077>@@@Z 00000001400085a8 f i libucrt:per_thread_data.obj
 0001:000075f0       ??$?RV<lambda_72d1df2b273a38828b1ce30cbf4cdab5>@@AEAV<lambda_876a65b173b8412d3a47c70a915b0cf4>@@V<lambda_41932305e351933ebe8f8be3ed8bb5dc>@@@?$__crt_seh_guarded_call@X@@QEAAX$$QEAV<lambda_72d1df2b273a38828b1ce30cbf4cdab5>@@AEAV<lambda_876a65b173b8412d3a47c70a915b0cf4>@@$$QEAV<lambda_41932305e351933ebe8f8be3ed8bb5dc>@@@Z 00000001400085f0 f i libucrt:per_thread_data.obj
 0001:00007630       ??$?RV<lambda_fb3a7dec4e47f37f22dae91bb15c9095>@@AEAV<lambda_698284760c8add0bfb0756c19673e34b>@@V<lambda_dfb8eca1e75fef3034a8fb18dd509707>@@@?$__crt_seh_guarded_call@X@@QEAAX$$QEAV<lambda_fb3a7dec4e47f37f22dae91bb15c9095>@@AEAV<lambda_698284760c8add0bfb0756c19673e34b>@@$$QEAV<lambda_dfb8eca1e75fef3034a8fb18dd509707>@@@Z 0000000140008630 f i libucrt:per_thread_data.obj
 0001:000078c0       __acrt_getptd              00000001400088c0 f   libucrt:per_thread_data.obj
 0001:00007954       __acrt_getptd_noexit       0000000140008954 f   libucrt:per_thread_data.obj
 0001:000079f4       __acrt_initialize_ptd      00000001400089f4 f   libucrt:per_thread_data.obj
 0001:00007a30       __acrt_uninitialize_ptd    0000000140008a30 f   libucrt:per_thread_data.obj
 0001:00007a54       __acrt_update_locale_info  0000000140008a54 f   libucrt:locale_update.obj
 0001:00007a88       __acrt_update_multibyte_info 0000000140008a88 f   libucrt:locale_update.obj
 0001:00007abc       ?__acrt_fp_classify@@YA?AW4__acrt_fp_class@@AEBN@Z 0000000140008abc f i libucrt:cvt.obj
 0001:000084f4       __acrt_fp_format           00000001400094f4 f   libucrt:cvt.obj
 0001:00008738       _fileno                    0000000140009738 f   libucrt:fileno.obj
 0001:00008760       __acrt_initialize_stdio    0000000140009760 f   libucrt:_file.obj
 0001:00008880       __acrt_uninitialize_stdio  0000000140009880 f   libucrt:_file.obj
 0001:000088dc       _lock_file                 00000001400098dc f   libucrt:_file.obj
 0001:000088e8       _unlock_file               00000001400098e8 f   libucrt:_file.obj
 0001:000088f4       _get_printf_count_output   00000001400098f4 f   libucrt:printf_count_output.obj
 0001:00008af4       __acrt_initialize_lowio    0000000140009af4 f   libucrt:ioinit.obj
 0001:00008b30       __acrt_uninitialize_lowio  0000000140009b30 f   libucrt:ioinit.obj
 0001:00008b70       __acrt_initialize_fma3     0000000140009b70 f   libucrt:fma3_available.obj
 0001:00008be0       __remainder_piby2d2f_forC  0000000140009be0 f   libucrt:remainder_piby2f_forc.obj
 0001:00008df8       _sinf_special              0000000140009df8 f   libucrt:sincos_special.obj
 0001:000092e8       ?expand_if_necessary@?$argument_list@D@?A0x7b96f60e@@AEAAHXZ 000000014000a2e8 f i libucrt:argv_wildcards.obj
 0001:000093b0       __acrt_expand_narrow_argv_wildcards 000000014000a3b0 f   libucrt:argv_wildcards.obj
 0001:000093b8       ??$?RV<lambda_99476a1ad63dd22509b5d3e65b0ffc95>@@AEAV<lambda_ad1ced32f4ac17aa236e5ef05d6b3b7c>@@V<lambda_f7424dd8d45958661754dc4f2697e9c3>@@@?$__crt_seh_guarded_call@X@@QEAAX$$QEAV<lambda_99476a1ad63dd22509b5d3e65b0ffc95>@@AEAV<lambda_ad1ced32f4ac17aa236e5ef05d6b3b7c>@@$$QEAV<lambda_f7424dd8d45958661754dc4f2697e9c3>@@@Z 000000014000a3b8 f i libucrt:mbctype.obj
 0001:00009ab4       __acrt_initialize_multibyte 000000014000aab4 f   libucrt:mbctype.obj
 0001:00009adc       __acrt_update_thread_multibyte_data 000000014000aadc f   libucrt:mbctype.obj
 0001:00009b9c       _setmbcp_nolock            000000014000ab9c f   libucrt:mbctype.obj
 0001:00009ebc       _ismbblead                 000000014000aebc f   libucrt:ismbbyte.obj
 0001:00009ed0       __acrt_initialize_command_line 000000014000aed0 f   libucrt:argv_data.obj
 0001:00009ef8       __dcrt_get_narrow_environment_from_os 000000014000aef8 f   libucrt:get_environment_from_os.obj
 0001:00009ffc       __acrt_initialize_locks    000000014000affc f   libucrt:locks.obj
 0001:0000a044       __acrt_lock                000000014000b044 f   libucrt:locks.obj
 0001:0000a060       __acrt_uninitialize_locks  000000014000b060 f   libucrt:locks.obj
 0001:0000a098       __acrt_unlock              000000014000b098 f   libucrt:locks.obj
 0001:0000a254       __acrt_FlsAlloc            000000014000b254 f   libucrt:winapi_thunks.obj
 0001:0000a2ac       __acrt_FlsFree             000000014000b2ac f   libucrt:winapi_thunks.obj
 0001:0000a304       __acrt_FlsGetValue         000000014000b304 f   libucrt:winapi_thunks.obj
 0001:0000a35c       __acrt_FlsSetValue         000000014000b35c f   libucrt:winapi_thunks.obj
 0001:0000a3c4       __acrt_InitializeCriticalSectionEx 000000014000b3c4 f   libucrt:winapi_thunks.obj
 0001:0000a43c       __acrt_LCMapStringEx       000000014000b43c f   libucrt:winapi_thunks.obj
 0001:0000a52c       __acrt_LocaleNameToLCID    000000014000b52c f   libucrt:winapi_thunks.obj
 0001:0000a594       __acrt_initialize_winapi_thunks 000000014000b594 f   libucrt:winapi_thunks.obj
 0001:0000a5cc       __acrt_is_packaged_app     000000014000b5cc f   libucrt:winapi_thunks.obj
 0001:0000a654       __acrt_uninitialize_winapi_thunks 000000014000b654 f   libucrt:winapi_thunks.obj
 0001:0000a698       __acrt_lowio_create_handle_array 000000014000b698 f   libucrt:osfinfo.obj
 0001:0000a730       __acrt_lowio_destroy_handle_array 000000014000b730 f   libucrt:osfinfo.obj
 0001:0000a780       __acrt_lowio_ensure_fh_exists 000000014000b780 f   libucrt:osfinfo.obj
 0001:0000a838       __acrt_lowio_lock_fh       000000014000b838 f   libucrt:osfinfo.obj
 0001:0000a85c       __acrt_lowio_unlock_fh     000000014000b85c f   libucrt:osfinfo.obj
 0001:0000a880       _free_osfhnd               000000014000b880 f   libucrt:osfinfo.obj
 0001:0000a93c       _get_osfhandle             000000014000b93c f   libucrt:osfinfo.obj
 0001:0000a9b4       __acrt_locale_free_monetary 000000014000b9b4 f   libucrt:initmon.obj
 0001:0000aac0       __acrt_locale_free_numeric 000000014000bac0 f   libucrt:initnum.obj
 0001:0000ab84       __acrt_locale_free_time    000000014000bb84 f   libucrt:inittime.obj
 0001:0000ac8c       __pctype_func              000000014000bc8c f   libucrt:ctype.obj
 0001:0000acbc       __acrt_GetStringTypeA      000000014000bcbc f   libucrt:getstringtypea.obj
 0001:0000ae70       __acrt_add_locale_ref      000000014000be70 f   libucrt:locale_refcounting.obj
 0001:0000aefc       __acrt_free_locale         000000014000befc f   libucrt:locale_refcounting.obj
 0001:0000b074       __acrt_locale_add_lc_time_reference 000000014000c074 f   libucrt:locale_refcounting.obj
 0001:0000b09c       __acrt_locale_free_lc_time_if_unreferenced 000000014000c09c f   libucrt:locale_refcounting.obj
 0001:0000b0d4       __acrt_locale_release_lc_time_reference 000000014000c0d4 f   libucrt:locale_refcounting.obj
 0001:0000b0fc       __acrt_release_locale_ref  000000014000c0fc f   libucrt:locale_refcounting.obj
 0001:0000b1a4       __acrt_update_thread_locale_data 000000014000c1a4 f   libucrt:locale_refcounting.obj
 0001:0000b214       _updatetlocinfoEx_nolock   000000014000c214 f   libucrt:locale_refcounting.obj
 0001:0000b27c       _recalloc                  000000014000c27c f   libucrt:recalloc.obj
 0001:0000b284       _recalloc_base             000000014000c284 f   libucrt:recalloc.obj
 0001:0000b31c       __acrt_initialize_heap     000000014000c31c f   libucrt:heap_handle.obj
 0001:0000b338       __acrt_uninitialize_heap   000000014000c338 f   libucrt:heap_handle.obj
 0001:0000b344       __acrt_execute_initializers 000000014000c344 f   libucrt:shared_initialization.obj
 0001:0000b3d8       __acrt_execute_uninitializers 000000014000c3d8 f   libucrt:shared_initialization.obj
 0001:0000b428       __acrt_initialize_new_handler 000000014000c428 f   libucrt:new_handler.obj
 0001:0000b430       _callnewh                  000000014000c430 f   libucrt:new_handler.obj
 0001:0000b470       _query_new_handler         000000014000c470 f   libucrt:new_handler.obj
 0001:0000b4a4       ??$?RV<lambda_c36588078e9f5dfd39652860aa6b3aaf>@@AEAV<lambda_ec61778202f4f5fc7e7711acc23c3bca>@@V<lambda_dc9d2797ccde5d239b4a0efae8ebd7db>@@@?$__crt_seh_guarded_call@P6AXH@Z@@QEAAP6AXH@Z$$QEAV<lambda_c36588078e9f5dfd39652860aa6b3aaf>@@AEAV<lambda_ec61778202f4f5fc7e7711acc23c3bca>@@$$QEAV<lambda_dc9d2797ccde5d239b4a0efae8ebd7db>@@@Z 000000014000c4a4 f i libucrt:signal.obj
 0001:0000b4ec       __acrt_get_sigabrt_handler 000000014000c4ec f   libucrt:signal.obj
 0001:0000b51c       __acrt_initialize_signal_handlers 000000014000c51c f   libucrt:signal.obj
 0001:0000b53c       raise                      000000014000c53c f   libucrt:signal.obj
 0001:0000b7d8       _isctype_l                 000000014000c7d8 f   libucrt:isctype.obj
 0001:0000b8e8       _isleadbyte_l              000000014000c8e8 f i libucrt:_wctype.obj
 0001:0000bc84       __acrt_LCMapStringA        000000014000cc84 f   libucrt:lcmapstringa.obj
 0001:0000bd1c       __acrt_fp_strflt_to_string 000000014000cd1c f   libucrt:_fptostr.obj
 0001:0000bde0       ?divide@__crt_strtox@@YA_KAEAUbig_integer@1@AEBU21@@Z 000000014000cde0 f i libucrt:cfout.obj
 0001:0000c2b0       __acrt_fltout              000000014000d2b0 f   libucrt:cfout.obj
 0001:0000d6a4       _fcloseall                 000000014000e6a4 f   libucrt:closeall.obj
 0001:0000d758       __acrt_stdio_flush_nolock  000000014000e758 f   libucrt:fflush.obj
 0001:0000d7d0       _fflush_nolock             000000014000e7d0 f   libucrt:fflush.obj
 0001:0000d81c       _flushall                  000000014000e81c f   libucrt:fflush.obj
 0001:0000d90c       __acrt_stdio_free_buffer_nolock 000000014000e90c f   libucrt:_freebuf.obj
 0001:0000d94c       _isatty                    000000014000e94c f   libucrt:isatty.obj
 0001:0000dad0       _handle_error              000000014000ead0 f   libucrt:libm_error.obj
 0001:0000dbf8       _handle_errorf             000000014000ebf8 f   libucrt:libm_error.obj
 0001:0000dd2c       _handle_nan                000000014000ed2c f   libucrt:libm_error.obj
 0001:0000de20       qsort                      000000014000ee20 f   libucrt:qsort.obj
 0001:0000e154       strncpy_s                  000000014000f154 f   libucrt:strncpy_s.obj
 0001:0000e228       strpbrk                    000000014000f228 f   libucrt:strpbrk.obj
 0001:0000e2c8       _mbsdec                    000000014000f2c8 f   libucrt:mbsdec.obj
 0001:0000e2d0       _mbsdec_l                  000000014000f2d0 f   libucrt:mbsdec.obj
 0001:0000e448       __acrt_DownlevelLocaleNameToLCID 000000014000f448 f   libucrt:lcidtoname_downlevel.obj
 0001:0000e47c       _msize                     000000014000f47c f   libucrt:msize.obj
 0001:0000e4b8       _realloc_base              000000014000f4b8 f   libucrt:realloc_base.obj
 0001:0000e53c       __strncnt                  000000014000f53c f   libucrt:strncnt.obj
 0001:0000e554       fegetenv                   000000014000f554 f   libucrt:fegetenv.obj
 0001:0000e574       fesetenv                   000000014000f574 f   libucrt:fesetenv.obj
 0001:0000e5c0       feholdexcept               000000014000f5c0 f   libucrt:feholdexcept.obj
 0001:0000e610       ceil                       000000014000f610 f   libucrt:ceil.obj
 0001:0000e6e0       log10                      000000014000f6e0 f   libucrt:log10.obj
 0001:0000f22c       _write                     000000014001022c f   libucrt:write.obj
 0001:0000f318       _write_nolock              0000000140010318 f   libucrt:write.obj
 0001:0000f698       _lseeki64_nolock           0000000140010698 f   libucrt:lseek.obj
 0001:0000f6a0       _fclose_nolock             00000001400106a0 f   libucrt:fclose.obj
 0001:0000f724       fclose                     0000000140010724 f   libucrt:fclose.obj
 0001:0000f790       ??$?RV<lambda_b521505b218e5242e90febf6bfebc422>@@AEAV<lambda_6978c1fb23f02e42e1d9e99668cc68aa>@@V<lambda_314360699dd331753a4119843814e9a7>@@@?$__crt_seh_guarded_call@H@@QEAAH$$QEAV<lambda_b521505b218e5242e90febf6bfebc422>@@AEAV<lambda_6978c1fb23f02e42e1d9e99668cc68aa>@@$$QEAV<lambda_314360699dd331753a4119843814e9a7>@@@Z 0000000140010790 f i libucrt:commit.obj
 0001:0000f81c       _commit                    000000014001081c f   libucrt:commit.obj
 0001:0000f8b0       _raise_exc                 00000001400108b0 f   libucrt:fpexcept.obj
 0001:0000f8d8       _raise_exc_ex              00000001400108d8 f   libucrt:fpexcept.obj
 0001:0000fbe0       _raise_excf                0000000140010be0 f   libucrt:fpexcept.obj
 0001:0000fc0c       _set_errno_from_matherr    0000000140010c0c f   libucrt:fpexcept.obj
 0001:0000fc3c       _clrfp                     0000000140010c3c f   libucrt:fpctrl.obj
 0001:0000fc5c       _ctrlfp                    0000000140010c5c f   libucrt:fpctrl.obj
 0001:0000fcd8       _set_statfp                0000000140010cd8 f   libucrt:fpctrl.obj
 0001:0000fcf8       _statfp                    0000000140010cf8 f   libucrt:fpctrl.obj
 0001:0000fd0c       _getfpcontrolword          0000000140010d0c f   libucrt:_fenvutils.obj
 0001:0000fd24       _getfpstatusword           0000000140010d24 f   libucrt:_fenvutils.obj
 0001:0000fd38       _setfpcontrolword          0000000140010d38 f   libucrt:_fenvutils.obj
 0001:0000fd44       _setfpstatusword           0000000140010d44 f   libucrt:_fenvutils.obj
 0001:0000fd94       _clearfp                   0000000140010d94 f   libucrt:ieee.obj
 0001:0000fde8       _controlfp                 0000000140010de8 f   libucrt:ieee.obj
 0001:0000fdf4       _statusfp                  0000000140010df4 f   libucrt:ieee.obj
 0001:000100e0       _log10_special             00000001400110e0 f   libucrt:log_special.obj
 0001:00010198       _putwch_nolock             0000000140011198 f   libucrt:putwch.obj
 0001:000101f4       ??$?RV<lambda_bfedae4ebbf01fab1bb6dcc6a9e276e0>@@AEAV<lambda_2fe9b910cf3cbf4a0ab98a02ba45b3ec>@@V<lambda_237c231691f317818eb88cc1d5d642d6>@@@?$__crt_seh_guarded_call@H@@QEAAH$$QEAV<lambda_bfedae4ebbf01fab1bb6dcc6a9e276e0>@@AEAV<lambda_2fe9b910cf3cbf4a0ab98a02ba45b3ec>@@$$QEAV<lambda_237c231691f317818eb88cc1d5d642d6>@@@Z 00000001400111f4 f i libucrt:close.obj
 0001:00010268       _close                     0000000140011268 f   libucrt:close.obj
 0001:0001030c       _close_nolock              000000014001130c f   libucrt:close.obj
 0001:000103c8       ?__acrt_stdio_free_stream@@YAXV__crt_stdio_stream@@@Z 00000001400113c8 f   libucrt:stream.obj
 0001:00010420       _get_fpsr                  0000000140011420 f   libucrt:fpsr.obj
 0001:00010430       _set_fpsr                  0000000140011430 f   libucrt:fpsr.obj
 0001:0001043a       _fclrf                     000000014001143a f   libucrt:fpsr.obj
 0001:0001044e       _frnd                      000000014001144e f   libucrt:fpsr.obj
 0001:00010470       __dcrt_lowio_initialize_console_output 0000000140011470 f   libucrt:initcon.obj
 0001:000104ac       __dcrt_terminate_console_output 00000001400114ac f   libucrt:initcon.obj
 0001:000104d0       _FindPESection             00000001400114d0 f   LIBCMT:pesect.obj
 0001:00010520       _IsNonwritableInCurrentImage 0000000140011520 f   LIBCMT:pesect.obj
 0001:00010570       _ValidateImageBase         0000000140011570 f   LIBCMT:pesect.obj
 0001:000105b0       _alloca_probe              00000001400115b0 f   LIBCMT:_chkstk_.obj
 0001:000105b0       __chkstk                   00000001400115b0 f   LIBCMT:_chkstk_.obj
 0001:00010602       RtlUnwindEx                0000000140011602 f   kernel32:KERNEL32.dll
 0001:00010608       SystemFunction036          0000000140011608 f   advapi32:ADVAPI32.dll
 0001:00010620       memmove                    0000000140011620 f   libvcruntime:memcpy.obj
 0001:00010620       memcpy                     0000000140011620 f   libvcruntime:memcpy.obj
 0001:00010a70       memcmp                     0000000140011a70 f   libvcruntime:memcmp.obj
 0001:00010b38       strrchr                    0000000140011b38 f   libvcruntime:strrchr.obj
 0001:00010c90       _guard_dispatch_icall_nop  0000000140011c90 f   LIBCMT:_guard_dispatch_.obj
 0002:00000000       __imp_SystemFunction036    0000000140012000     advapi32:ADVAPI32.dll
 0002:00000008       \177ADVAPI32_NULL_THUNK_DATA 0000000140012008     advapi32:ADVAPI32.dll
 0002:00000010       __imp_StretchDIBits        0000000140012010     gdi32:GDI32.dll
 0002:00000018       \177GDI32_NULL_THUNK_DATA  0000000140012018     gdi32:GDI32.dll
 0002:00000020       __imp_RaiseException       0000000140012020     kernel32:KERNEL32.dll
 0002:00000028       __imp_FlushFileBuffers     0000000140012028     kernel32:KERNEL32.dll
 0002:00000030       __imp_SetFilePointerEx     0000000140012030     kernel32:KERNEL32.dll
 0002:00000038       __imp_WriteConsoleW        0000000140012038     kernel32:KERNEL32.dll
 0002:00000040       __imp_GetConsoleCP         0000000140012040     kernel32:KERNEL32.dll
 0002:00000048       __imp_HeapReAlloc          0000000140012048     kernel32:KERNEL32.dll
 0002:00000050       __imp_HeapSize             0000000140012050     kernel32:KERNEL32.dll
 0002:00000058       __imp_GetProcessHeap       0000000140012058     kernel32:KERNEL32.dll
 0002:00000060       __imp_CreateFileW          0000000140012060     kernel32:KERNEL32.dll
 0002:00000068       __imp_GetConsoleMode       0000000140012068     kernel32:KERNEL32.dll
 0002:00000070       __imp_OutputDebugStringA   0000000140012070     kernel32:KERNEL32.dll
 0002:00000078       __imp_VirtualAlloc         0000000140012078     kernel32:KERNEL32.dll
 0002:00000080       __imp_VirtualFree          0000000140012080     kernel32:KERNEL32.dll
 0002:00000088       __imp_GetProcAddress       0000000140012088     kernel32:KERNEL32.dll
 0002:00000090       __imp_LoadLibraryA         0000000140012090     kernel32:KERNEL32.dll
 0002:00000098       __imp_RtlCaptureContext    0000000140012098     kernel32:KERNEL32.dll
 0002:000000a0       __imp_RtlLookupFunctionEntry 00000001400120a0     kernel32:KERNEL32.dll
 0002:000000a8       __imp_RtlVirtualUnwind     00000001400120a8     kernel32:KERNEL32.dll
 0002:000000b0       __imp_UnhandledExceptionFilter 00000001400120b0     kernel32:KERNEL32.dll
 0002:000000b8       __imp_SetUnhandledExceptionFilter 00000001400120b8     kernel32:KERNEL32.dll
 0002:000000c0       __imp_GetCurrentProcess    00000001400120c0     kernel32:KERNEL32.dll
 0002:000000c8       __imp_TerminateProcess     00000001400120c8     kernel32:KERNEL32.dll
 0002:000000d0       __imp_IsProcessorFeaturePresent 00000001400120d0     kernel32:KERNEL32.dll
 0002:000000d8       __imp_QueryPerformanceCounter 00000001400120d8     kernel32:KERNEL32.dll
 0002:000000e0       __imp_GetCurrentProcessId  00000001400120e0     kernel32:KERNEL32.dll
 0002:000000e8       __imp_GetCurrentThreadId   00000001400120e8     kernel32:KERNEL32.dll
 0002:000000f0       __imp_GetSystemTimeAsFileTime 00000001400120f0     kernel32:KERNEL32.dll
 0002:000000f8       __imp_InitializeSListHead  00000001400120f8     kernel32:KERNEL32.dll
 0002:00000100       __imp_IsDebuggerPresent    0000000140012100     kernel32:KERNEL32.dll
 0002:00000108       __imp_GetStartupInfoW      0000000140012108     kernel32:KERNEL32.dll
 0002:00000110       __imp_GetModuleHandleW     0000000140012110     kernel32:KERNEL32.dll
 0002:00000118       __imp_GetLastError         0000000140012118     kernel32:KERNEL32.dll
 0002:00000120       __imp_GetModuleFileNameW   0000000140012120     kernel32:KERNEL32.dll
 0002:00000128       __imp_RtlUnwindEx          0000000140012128     kernel32:KERNEL32.dll
 0002:00000130       __imp_InitializeCriticalSectionAndSpinCount 0000000140012130     kernel32:KERNEL32.dll
 0002:00000138       __imp_TlsAlloc             0000000140012138     kernel32:KERNEL32.dll
 0002:00000140       __imp_TlsGetValue          0000000140012140     kernel32:KERNEL32.dll
 0002:00000148       __imp_TlsSetValue          0000000140012148     kernel32:KERNEL32.dll
 0002:00000150       __imp_TlsFree              0000000140012150     kernel32:KERNEL32.dll
 0002:00000158       __imp_FreeLibrary          0000000140012158     kernel32:KERNEL32.dll
 0002:00000160       __imp_LoadLibraryExW       0000000140012160     kernel32:KERNEL32.dll
 0002:00000168       __imp_SetLastError         0000000140012168     kernel32:KERNEL32.dll
 0002:00000170       __imp_EnterCriticalSection 0000000140012170     kernel32:KERNEL32.dll
 0002:00000178       __imp_LeaveCriticalSection 0000000140012178     kernel32:KERNEL32.dll
 0002:00000180       __imp_DeleteCriticalSection 0000000140012180     kernel32:KERNEL32.dll
 0002:00000188       __imp_GetStdHandle         0000000140012188     kernel32:KERNEL32.dll
 0002:00000190       __imp_WriteFile            0000000140012190     kernel32:KERNEL32.dll
 0002:00000198       __imp_GetModuleFileNameA   0000000140012198     kernel32:KERNEL32.dll
 0002:000001a0       __imp_MultiByteToWideChar  00000001400121a0     kernel32:KERNEL32.dll
 0002:000001a8       __imp_WideCharToMultiByte  00000001400121a8     kernel32:KERNEL32.dll
 0002:000001b0       __imp_ExitProcess          00000001400121b0     kernel32:KERNEL32.dll
 0002:000001b8       __imp_GetModuleHandleExW   00000001400121b8     kernel32:KERNEL32.dll
 0002:000001c0       __imp_GetACP               00000001400121c0     kernel32:KERNEL32.dll
 0002:000001c8       __imp_HeapFree             00000001400121c8     kernel32:KERNEL32.dll
 0002:000001d0       __imp_HeapAlloc            00000001400121d0     kernel32:KERNEL32.dll
 0002:000001d8       __imp_GetFileType          00000001400121d8     kernel32:KERNEL32.dll
 0002:000001e0       __imp_CloseHandle          00000001400121e0     kernel32:KERNEL32.dll
 0002:000001e8       __imp_FindClose            00000001400121e8     kernel32:KERNEL32.dll
 0002:000001f0       __imp_FindFirstFileExA     00000001400121f0     kernel32:KERNEL32.dll
 0002:000001f8       __imp_FindNextFileA        00000001400121f8     kernel32:KERNEL32.dll
 0002:00000200       __imp_IsValidCodePage      0000000140012200     kernel32:KERNEL32.dll
 0002:00000208       __imp_GetOEMCP             0000000140012208     kernel32:KERNEL32.dll
 0002:00000210       __imp_GetCPInfo            0000000140012210     kernel32:KERNEL32.dll
 0002:00000218       __imp_GetCommandLineA      0000000140012218     kernel32:KERNEL32.dll
 0002:00000220       __imp_GetCommandLineW      0000000140012220     kernel32:KERNEL32.dll
 0002:00000228       __imp_GetEnvironmentStringsW 0000000140012228     kernel32:KERNEL32.dll
 0002:00000230       __imp_FreeEnvironmentStringsW 0000000140012230     kernel32:KERNEL32.dll
 0002:00000238       __imp_LCMapStringW         0000000140012238     kernel32:KERNEL32.dll
 0002:00000240       __imp_SetStdHandle         0000000140012240     kernel32:KERNEL32.dll
 0002:00000248       __imp_GetStringTypeW       0000000140012248     kernel32:KERNEL32.dll
 0002:00000250       \177KERNEL32_NULL_THUNK_DATA 0000000140012250     kernel32:KERNEL32.dll
 0002:00000258       __imp_GetClientRect        0000000140012258     user32:USER32.dll
 0002:00000260       __imp_EndPaint             0000000140012260     user32:USER32.dll
 0002:00000268       __imp_BeginPaint           0000000140012268     user32:USER32.dll
 0002:00000270       __imp_ReleaseDC            0000000140012270     user32:USER32.dll
 0002:00000278       __imp_GetDC                0000000140012278     user32:USER32.dll
 0002:00000280       __imp_SetLayeredWindowAttributes 0000000140012280     user32:USER32.dll
 0002:00000288       __imp_CreateWindowExA      0000000140012288     user32:USER32.dll
 0002:00000290       __imp_RegisterClassA       0000000140012290     user32:USER32.dll
 0002:00000298       __imp_DefWindowProcA       0000000140012298     user32:USER32.dll
 0002:000002a0       __imp_PeekMessageA         00000001400122a0     user32:USER32.dll
 0002:000002a8       __imp_DispatchMessageA     00000001400122a8     user32:USER32.dll
 0002:000002b0       __imp_TranslateMessage     00000001400122b0     user32:USER32.dll
 0002:000002b8       \177USER32_NULL_THUNK_DATA 00000001400122b8     user32:USER32.dll
 0002:000002c0       __guard_check_icall_fptr   00000001400122c0     LIBCMT:guard_support.obj
 0002:000002c8       __guard_dispatch_icall_fptr 00000001400122c8     LIBCMT:guard_support.obj
 0002:000002d0       __xc_a                     00000001400122d0     LIBCMT:initializers.obj
 0002:000002e0       __xc_z                     00000001400122e0     LIBCMT:initializers.obj
 0002:000002e8       __xi_a                     00000001400122e8     LIBCMT:initializers.obj
 0002:00000300       __acrt_stdio_initializer   0000000140012300     libucrt:stdio_initializer.obj
 0002:00000308       __acrt_tran_fma3_initializer 0000000140012308     libucrt:fma3_initializer.obj
 0002:00000310       __acrt_multibyte_initializer 0000000140012310     libucrt:multibyte_initializer.obj
 0002:00000318       __xi_z                     0000000140012318     LIBCMT:initializers.obj
 0002:00000320       __xp_a                     0000000140012320     LIBCMT:initializers.obj
 0002:00000328       __acrt_locale_terminator   0000000140012328     libucrt:locale_initializer.obj
 0002:00000330       __dcrt_console_output_terminator 0000000140012330     libucrt:console_output_initializer.obj
 0002:00000338       __acrt_stdio_terminator    0000000140012338     libucrt:stdio_initializer.obj
 0002:00000340       __xp_z                     0000000140012340     LIBCMT:initializers.obj
 0002:00000348       __xt_a                     0000000140012348     LIBCMT:initializers.obj
 0002:00000350       __xt_z                     0000000140012350     LIBCMT:initializers.obj
 0002:000003e8       __real@00000000            00000001400123e8     win32_handmade.obj
 0002:000003ec       __real@3d072b02            00000001400123ec     win32_handmade.obj
 0002:000003f0       __real@3f000000            00000001400123f0     win32_handmade.obj
 0002:000003f4       __real@3f800000            00000001400123f4     win32_handmade.obj
 0002:000003f8       __real@3fc90fdb            00000001400123f8     win32_handmade.obj
 0002:000003fc       __real@40800000            00000001400123fc     win32_handmade.obj
 0002:00000400       __real@40a00000            0000000140012400     win32_handmade.obj
 0002:00000404       __real@43000000            0000000140012404     win32_handmade.obj
 0002:00000408       __real@46fffe00            0000000140012408     win32_handmade.obj
 0002:0000040c       __real@47000000            000000014001240c     win32_handmade.obj
 0002:00000410       __real@bf800000            0000000140012410     win32_handmade.obj
 0002:00000420       __xmm@80000000800000008000000080000000 0000000140012420     win32_handmade.obj
 0002:00000440       _Microsoft_CRTProvider     0000000140012440     libvcruntime:telemetry.obj
 0002:00000448       ??_C@_00CNPNBAHC@?$AA@     0000000140012448     libvcruntime:telemetry.obj
 0002:0000044c       ??_C@_11LOCGONAA@?$AA?$AA@ 000000014001244c     libvcruntime:telemetry.obj
 0002:00000450       ??_C@_0O@JEOPJOMI@Main?5Invoked?4?$AA@ 0000000140012450     libvcruntime:telemetry.obj
 0002:00000460       ??_C@_0P@NEAEIBDO@Main?5Returned?4?$AA@ 0000000140012460     libvcruntime:telemetry.obj
 0002:00000490       ??_C@_1BC@DNHGCMLG@?$AAa?$AAd?$AAv?$AAa?$AAp?$AAi?$AA3?$AA2?$AA?$AA@ 0000000140012490     libvcruntime:winapi_downlevel.obj
 0002:000004a8       ??_C@_1DM@KHCHBNEB@?$AAa?$AAp?$AAi?$AA?9?$AAm?$AAs?$AA?9?$AAw?$AAi?$AAn?$AA?9?$AAc?$AAo?$AAr?$AAe?$AA?9?$AAf?$AAi?$AAb?$AAe?$AAr?$AAs?$AA?9?$AAl?$AA1?$AA?9?$AA1?$AA?9?$AA1?$AA?$AA@ 00000001400124a8     libvcruntime:winapi_downlevel.obj
 0002:000004e8       ??_C@_1DK@LPPGFMPP@?$AAa?$AAp?$AAi?$AA?9?$AAm?$AAs?$AA?9?$AAw?$AAi?$AAn?$AA?9?$AAc?$AAo?$AAr?$AAe?$AA?9?$AAs?$AAy?$AAn?$AAc?$AAh?$AA?9?$AAl?$AA1?$AA?9?$AA2?$AA?9?$AA0?$AA?$AA@ 00000001400124e8     libvcruntime:winapi_downlevel.obj
 0002:00000528       ??_C@_1BC@GDMECMAK@?$AAk?$AAe?$AAr?$AAn?$AAe?$AAl?$AA3?$AA2?$AA?$AA@ 0000000140012528     libvcruntime:winapi_downlevel.obj
 0002:00000540       ??_C@_0O@BAMBGLIE@EventRegister?$AA@ 0000000140012540     libvcruntime:winapi_downlevel.obj
 0002:00000558       ??_C@_0BE@BJEEGHGK@EventSetInformation?$AA@ 0000000140012558     libvcruntime:winapi_downlevel.obj
 0002:00000570       ??_C@_0BA@FAKLIPIC@EventUnregister?$AA@ 0000000140012570     libvcruntime:winapi_downlevel.obj
 0002:00000588       ??_C@_0BD@PKLHJPHD@EventWriteTransfer?$AA@ 0000000140012588     libvcruntime:winapi_downlevel.obj
 0002:000005a8       ??_C@_08KNHFBNJ@FlsAlloc?$AA@ 00000001400125a8     libvcruntime:winapi_downlevel.obj
 0002:000005c0       ??_C@_07PEJMOBNF@FlsFree?$AA@ 00000001400125c0     libvcruntime:winapi_downlevel.obj
 0002:000005c8       ??_C@_0M@GDNOONDI@FlsGetValue?$AA@ 00000001400125c8     libvcruntime:winapi_downlevel.obj
 0002:000005e0       ??_C@_0M@JCPCPOEF@FlsSetValue?$AA@ 00000001400125e0     libvcruntime:winapi_downlevel.obj
 0002:000005f8       ??_C@_0BM@HCFOFFN@InitializeCriticalSectionEx?$AA@ 00000001400125f8     libvcruntime:winapi_downlevel.obj
 0002:00000614       ??_C@_02EEKDKGMJ@?$DO?$DN?$AA@ 0000000140012614     libvcruntime:undname.obj
 0002:00000618       ??_C@_01IHBHIGKO@?0?$AA@   0000000140012618     libvcruntime:undname.obj
 0002:0000061c       ??_C@_02HCKGKOFO@?$CI?$CJ?$AA@ 000000014001261c     libvcruntime:undname.obj
 0002:00000620       ??_C@_01PJKLJHI@?$HO?$AA@  0000000140012620     libvcruntime:undname.obj
 0002:00000624       ??_C@_01JKBOJNNK@?$FO?$AA@ 0000000140012624     libvcruntime:undname.obj
 0002:00000628       ??_C@_01DNKMNLPK@?$HM?$AA@ 0000000140012628     libvcruntime:undname.obj
 0002:0000062c       ??_C@_02PPKAJPJL@?$CG?$CG?$AA@ 000000014001262c     libvcruntime:undname.obj
 0002:00000630       ??_C@_02NONPIBCD@?$HM?$HM?$AA@ 0000000140012630     libvcruntime:undname.obj
 0002:00000634       ??_C@_02FPIMKNGF@?$CK?$DN?$AA@ 0000000140012634     libvcruntime:undname.obj
 0002:00000638       ??_C@_02FOEOMHFC@?$CL?$DN?$AA@ 0000000140012638     libvcruntime:undname.obj
 0002:0000063c       ??_C@_02FKMDLLOA@?9?$DN?$AA@ 000000014001263c     libvcruntime:undname.obj
 0002:00000640       ??_C@_02FJEHGPIO@?1?$DN?$AA@ 0000000140012640     libvcruntime:undname.obj
 0002:00000644       ??_C@_02FENAOKFI@?$CF?$DN?$AA@ 0000000140012644     libvcruntime:undname.obj
 0002:00000648       ??_C@_03IKFCCPFF@?$DO?$DO?$DN?$AA@ 0000000140012648     libvcruntime:undname.obj
 0002:0000064c       ??_C@_03CDNPDDLA@?$DM?$DM?$DN?$AA@ 000000014001264c     libvcruntime:undname.obj
 0002:00000650       ??_C@_02FGJGFEAB@?$CG?$DN?$AA@ 0000000140012650     libvcruntime:undname.obj
 0002:00000654       ??_C@_02DHLNPPGH@?$HM?$DN?$AA@ 0000000140012654     libvcruntime:undname.obj
 0002:00000658       ??_C@_02MHEGNOJ@?$FO?$DN?$AA@ 0000000140012658     libvcruntime:undname.obj
 0002:00000660       ??_C@_09IFPLHPGF@?$GAvftable?8?$AA@ 0000000140012660     libvcruntime:undname.obj
 0002:00000670       ??_C@_09BLBHBJP@?$GAvbtable?8?$AA@ 0000000140012670     libvcruntime:undname.obj
 0002:00000680       ??_C@_07FEEIOKP@?$GAvcall?8?$AA@ 0000000140012680     libvcruntime:undname.obj
 0002:00000688       ??_C@_08LLFFHHDJ@?$GAtypeof?8?$AA@ 0000000140012688     libvcruntime:undname.obj
 0002:00000698       ??_C@_0BF@KDPPACIK@?$GAlocal?5static?5guard?8?$AA@ 0000000140012698     libvcruntime:undname.obj
 0002:000006b0       ??_C@_08OBABFOLI@?$GAstring?8?$AA@ 00000001400126b0     libvcruntime:undname.obj
 0002:000006c0       ??_C@_0BD@JDLKDPAB@?$GAvbase?5destructor?8?$AA@ 00000001400126c0     libvcruntime:undname.obj
 0002:000006d8       ??_C@_0BN@DEGPLNFK@?$GAvector?5deleting?5destructor?8?$AA@ 00000001400126d8     libvcruntime:undname.obj
 0002:000006f8       ??_C@_0BO@OBMKPJIG@?$GAdefault?5constructor?5closure?8?$AA@ 00000001400126f8     libvcruntime:undname.obj
 0002:00000718       ??_C@_0BN@IMDCHIKM@?$GAscalar?5deleting?5destructor?8?$AA@ 0000000140012718     libvcruntime:undname.obj
 0002:00000738       ??_C@_0BO@PFGOCPJJ@?$GAvector?5constructor?5iterator?8?$AA@ 0000000140012738     libvcruntime:undname.obj
 0002:00000758       ??_C@_0BN@LFPFMEDL@?$GAvector?5destructor?5iterator?8?$AA@ 0000000140012758     libvcruntime:undname.obj
 0002:00000778       ??_C@_0CE@IKBNEHA@?$GAvector?5vbase?5constructor?5iterat@ 0000000140012778     libvcruntime:undname.obj
 0002:000007a0       ??_C@_0BL@NILFHHPC@?$GAvirtual?5displacement?5map?8?$AA@ 00000001400127a0     libvcruntime:undname.obj
 0002:000007c0       ??_C@_0CB@JONCMFFK@?$GAeh?5vector?5constructor?5iterator?8@ 00000001400127c0     libvcruntime:undname.obj
 0002:000007e8       ??_C@_0CA@GCEOPDGL@?$GAeh?5vector?5destructor?5iterator?8?$AA@ 00000001400127e8     libvcruntime:undname.obj
 0002:00000808       ??_C@_0CH@OOJPLCPH@?$GAeh?5vector?5vbase?5constructor?5ite@ 0000000140012808     libvcruntime:undname.obj
 0002:00000830       ??_C@_0BL@LLKPOHJI@?$GAcopy?5constructor?5closure?8?$AA@ 0000000140012830     libvcruntime:undname.obj
 0002:00000850       ??_C@_0BA@KBCDOMBN@?$GAudt?5returning?8?$AA@ 0000000140012850     libvcruntime:undname.obj
 0002:00000860       ??_C@_03KLGMFNMG@?$GAEH?$AA@ 0000000140012860     libvcruntime:undname.obj
 0002:00000864       ??_C@_05KHLCHHI@?$GARTTI?$AA@ 0000000140012864     libvcruntime:undname.obj
 0002:00000870       ??_C@_0BA@KKLDJDLB@?$GAlocal?5vftable?8?$AA@ 0000000140012870     libvcruntime:undname.obj
 0002:00000880       ??_C@_0CE@IIHCMGGL@?$GAlocal?5vftable?5constructor?5closu@ 0000000140012880     libvcruntime:undname.obj
 0002:000008a4       ??_C@_06FHBGPFGH@?5new?$FL?$FN?$AA@ 00000001400128a4     libvcruntime:undname.obj
 0002:000008b0       ??_C@_09LBNFPBCA@?5delete?$FL?$FN?$AA@ 00000001400128b0     libvcruntime:undname.obj
 0002:000008c0       ??_C@_0P@HJKNJFNN@?$GAomni?5callsig?8?$AA@ 00000001400128c0     libvcruntime:undname.obj
 0002:000008d0       ??_C@_0BL@CNOONJFP@?$GAplacement?5delete?5closure?8?$AA@ 00000001400128d0     libvcruntime:undname.obj
 0002:000008f0       ??_C@_0BN@CKNJLHMB@?$GAplacement?5delete?$FL?$FN?5closure?8?$AA@ 00000001400128f0     libvcruntime:undname.obj
 0002:00000910       ??_C@_0CG@CFDHKGGD@?$GAmanaged?5vector?5constructor?5iter@ 0000000140012910     libvcruntime:undname.obj
 0002:00000938       ??_C@_0CF@IMGKMJNO@?$GAmanaged?5vector?5destructor?5itera@ 0000000140012938     libvcruntime:undname.obj
 0002:00000960       ??_C@_0CG@HLDDJMAG@?$GAeh?5vector?5copy?5constructor?5iter@ 0000000140012960     libvcruntime:undname.obj
 0002:00000988       ??_C@_0CM@FCBBDIGB@?$GAeh?5vector?5vbase?5copy?5constructo@ 0000000140012988     libvcruntime:undname.obj
 0002:000009b8       ??_C@_0BL@CLIPGLGB@?$GAdynamic?5initializer?5for?5?8?$AA@ 00000001400129b8     libvcruntime:undname.obj
 0002:000009d8       ??_C@_0CB@PDBIFEP@?$GAdynamic?5atexit?5destructor?5for?5?8@ 00000001400129d8     libvcruntime:undname.obj
 0002:00000a00       ??_C@_0CD@CGAJBKEJ@?$GAvector?5copy?5constructor?5iterato@ 0000000140012a00     libvcruntime:undname.obj
 0002:00000a28       ??_C@_0CJ@GJELGAMM@?$GAvector?5vbase?5copy?5constructor?5i@ 0000000140012a28     libvcruntime:undname.obj
 0002:00000a58       ??_C@_0CL@FGIJHLCE@?$GAmanaged?5vector?5copy?5constructor@ 0000000140012a58     libvcruntime:undname.obj
 0002:00000a88       ??_C@_0BM@PMGGMLDN@?$GAlocal?5static?5thread?5guard?8?$AA@ 0000000140012a88     libvcruntime:undname.obj
 0002:00000aa8       ??_C@_0N@BDNMDMOL@operator?5?$CC?$CC?5?$AA@ 0000000140012aa8     libvcruntime:undname.obj
 0002:00000de8       ??_C@_0BC@DAFEJGAK@?5Type?5Descriptor?8?$AA@ 0000000140012de8     libvcruntime:undname.obj
 0002:00000e00       ??_C@_0BM@LDKODKLH@?5Base?5Class?5Descriptor?5at?5?$CI?$AA@ 0000000140012e00     libvcruntime:undname.obj
 0002:00000e20       ??_C@_0BD@LGICGFMM@?5Base?5Class?5Array?8?$AA@ 0000000140012e20     libvcruntime:undname.obj
 0002:00000e38       ??_C@_0BN@MECKDCOJ@?5Class?5Hierarchy?5Descriptor?8?$AA@ 0000000140012e38     libvcruntime:undname.obj
 0002:00000e58       ??_C@_0BK@CFCOFLF@?5Complete?5Object?5Locator?8?$AA@ 0000000140012e58     libvcruntime:undname.obj
 0002:00000e78       ??_C@_08EHJDFFNH@__based?$CI?$AA@ 0000000140012e78     libvcruntime:undname.obj
 0002:00000e88       ??_C@_07KOLFKCDI@__cdecl?$AA@ 0000000140012e88     libvcruntime:undname.obj
 0002:00000e90       ??_C@_08GHMPAG@__pascal?$AA@ 0000000140012e90     libvcruntime:undname.obj
 0002:00000ea0       ??_C@_09IFJBGAPI@__stdcall?$AA@ 0000000140012ea0     libvcruntime:undname.obj
 0002:00000eb0       ??_C@_0L@NPHFGOKO@__thiscall?$AA@ 0000000140012eb0     libvcruntime:undname.obj
 0002:00000ec0       ??_C@_0L@JMKHOMEK@__fastcall?$AA@ 0000000140012ec0     libvcruntime:undname.obj
 0002:00000ed0       ??_C@_0N@BCKKPABJ@__vectorcall?$AA@ 0000000140012ed0     libvcruntime:undname.obj
 0002:00000ee0       ??_C@_09HIJEGCPM@__clrcall?$AA@ 0000000140012ee0     libvcruntime:undname.obj
 0002:00000eec       ??_C@_06GHPCKEAG@__eabi?$AA@ 0000000140012eec     libvcruntime:undname.obj
 0002:00000ef8       ??_C@_07JOMMBBKO@__ptr64?$AA@ 0000000140012ef8     libvcruntime:undname.obj
 0002:00000f00       ??_C@_0L@PILCLIHE@__restrict?$AA@ 0000000140012f00     libvcruntime:undname.obj
 0002:00000f10       ??_C@_0M@GFIIJFMG@__unaligned?$AA@ 0000000140012f10     libvcruntime:undname.obj
 0002:00000f20       ??_C@_09DHDLOLLB@restrict?$CI?$AA@ 0000000140012f20     libvcruntime:undname.obj
 0002:00000f2c       ??_C@_04NIHEBCM@?5new?$AA@ 0000000140012f2c     libvcruntime:undname.obj
 0002:00000f38       ??_C@_07FPCDHGMM@?5delete?$AA@ 0000000140012f38     libvcruntime:undname.obj
 0002:00000f40       ??_C@_01NEMOKFLO@?$DN?$AA@ 0000000140012f40     libvcruntime:undname.obj
 0002:00000f44       ??_C@_02GPIOPFAK@?$DO?$DO?$AA@ 0000000140012f44     libvcruntime:undname.obj
 0002:00000f48       ??_C@_02FODMEDOG@?$DM?$DM?$AA@ 0000000140012f48     libvcruntime:undname.obj
 0002:00000f4c       ??_C@_01DCLJPIOD@?$CB?$AA@ 0000000140012f4c     libvcruntime:undname.obj
 0002:00000f50       ??_C@_02EGOFBIJA@?$DN?$DN?$AA@ 0000000140012f50     libvcruntime:undname.obj
 0002:00000f54       ??_C@_02FDNJECIE@?$CB?$DN?$AA@ 0000000140012f54     libvcruntime:undname.obj
 0002:00000f58       ??_C@_02GPECMEKF@?$FL?$FN?$AA@ 0000000140012f58     libvcruntime:undname.obj
 0002:00000f60       ??_C@_08LHJFAFGD@operator?$AA@ 0000000140012f60     libvcruntime:undname.obj
 0002:00000f6c       ??_C@_02HBOOOICD@?9?$DO?$AA@ 0000000140012f6c     libvcruntime:undname.obj
 0002:00000f70       ??_C@_01NBENCBCI@?$CK?$AA@ 0000000140012f70     libvcruntime:undname.obj
 0002:00000f74       ??_C@_02ECNGHCIF@?$CL?$CL?$AA@ 0000000140012f74     libvcruntime:undname.obj
 0002:00000f78       ??_C@_02BAABKJLB@?9?9?$AA@ 0000000140012f78     libvcruntime:undname.obj
 0002:00000f7c       ??_C@_01JOAMLHOP@?9?$AA@   0000000140012f7c     libvcruntime:undname.obj
 0002:00000f80       ??_C@_01MIFGBAGJ@?$CL?$AA@ 0000000140012f80     libvcruntime:undname.obj
 0002:00000f84       ??_C@_01HNPIGOCE@?$CG?$AA@ 0000000140012f84     libvcruntime:undname.obj
 0002:00000f88       ??_C@_03MNHNFDLC@?9?$DO?$CK?$AA@ 0000000140012f88     libvcruntime:undname.obj
 0002:00000f8c       ??_C@_01KMDKNFGN@?1?$AA@   0000000140012f8c     libvcruntime:undname.obj
 0002:00000f90       ??_C@_01FGNFDNOH@?$CF?$AA@ 0000000140012f90     libvcruntime:undname.obj
 0002:00000f94       ??_C@_01MNNFJEPP@?$DM?$AA@ 0000000140012f94     libvcruntime:undname.obj
 0002:00000f98       ??_C@_02EHCHHCKH@?$DM?$DN?$AA@ 0000000140012f98     libvcruntime:undname.obj
 0002:00000f9c       ??_C@_01PPODPGHN@?$DO?$AA@ 0000000140012f9c     libvcruntime:undname.obj
 0002:00000fa0       format_validation_lookup_table 0000000140012fa0     libucrt:output.obj
 0002:00000ffc       ??_C@_06OJHGLDPL@?$CInull?$CJ?$AA@ 0000000140012ffc     libucrt:output.obj
 0002:00001008       ??_C@_1O@CEDCILHN@?$AA?$CI?$AAn?$AAu?$AAl?$AAl?$AA?$CJ?$AA?$AA@ 0000000140013008     libucrt:output.obj
 0002:00001150       __acrt_exception_action_table 0000000140013150     libucrt:exception_filter.obj
 0002:00001210       __acrt_signal_action_table_count 0000000140013210     libucrt:exception_filter.obj
 0002:00001218       __acrt_signal_action_first_fpe_index 0000000140013218     libucrt:exception_filter.obj
 0002:00001220       __acrt_signal_action_fpe_count 0000000140013220     libucrt:exception_filter.obj
 0002:00001228       ??_C@_1BI@BGOHAHKC@?$AAm?$AAs?$AAc?$AAo?$AAr?$AAe?$AAe?$AA?4?$AAd?$AAl?$AAl?$AA?$AA@ 0000000140013228     libucrt:exit.obj
 0002:00001240       ??_C@_0P@MIGLKIOC@CorExitProcess?$AA@ 0000000140013240     libucrt:exit.obj
 0002:000014a8       ??_C@_03OEIAHPBN@INF?$AA@  00000001400134a8     libucrt:cvt.obj
 0002:000014ac       ??_C@_03OJHLLCGB@inf?$AA@  00000001400134ac     libucrt:cvt.obj
 0002:000014b0       ??_C@_03LKNCIKJB@NAN?$AA@  00000001400134b0     libucrt:cvt.obj
 0002:000014b4       ??_C@_03LHCJEHON@nan?$AA@  00000001400134b4     libucrt:cvt.obj
 0002:000014b8       ??_C@_09OFJJIMPC@NAN?$CISNAN?$CJ?$AA@ 00000001400134b8     libucrt:cvt.obj
 0002:000014c8       ??_C@_09IPFBKMDL@nan?$CIsnan?$CJ?$AA@ 00000001400134c8     libucrt:cvt.obj
 0002:000014d8       ??_C@_08IKHNHAJ@NAN?$CIIND?$CJ?$AA@ 00000001400134d8     libucrt:cvt.obj
 0002:000014e8       ??_C@_08OFCDMILK@nan?$CIind?$CJ?$AA@ 00000001400134e8     libucrt:cvt.obj
 0002:000014f4       ??_C@_05KLBDPFGC@e?$CL000?$AA@ 00000001400134f4     libucrt:cvt.obj
 0002:00001500       __lc_time_c                0000000140013500     libucrt:nlsdata.obj
 0002:000017c0       ??_C@_03KOEHGMDN@Sun?$AA@  00000001400137c0     libucrt:nlsdata.obj
 0002:000017c4       ??_C@_03PDAGKDH@Mon?$AA@   00000001400137c4     libucrt:nlsdata.obj
 0002:000017c8       ??_C@_03NAGEINEP@Tue?$AA@  00000001400137c8     libucrt:nlsdata.obj
 0002:000017cc       ??_C@_03MHOMLAJA@Wed?$AA@  00000001400137cc     libucrt:nlsdata.obj
 0002:000017d0       ??_C@_03IOFIKPDN@Thu?$AA@  00000001400137d0     libucrt:nlsdata.obj
 0002:000017d4       ??_C@_03IDIOELNC@Fri?$AA@  00000001400137d4     libucrt:nlsdata.obj
 0002:000017d8       ??_C@_03FEFJNEK@Sat?$AA@   00000001400137d8     libucrt:nlsdata.obj
 0002:000017dc       ??_C@_06OOPIFAJ@Sunday?$AA@ 00000001400137dc     libucrt:nlsdata.obj
 0002:000017e4       ??_C@_06JLEDEDGH@Monday?$AA@ 00000001400137e4     libucrt:nlsdata.obj
 0002:000017f0       ??_C@_07BAAGCFCM@Tuesday?$AA@ 00000001400137f0     libucrt:nlsdata.obj
 0002:000017f8       ??_C@_09DLIGFAKA@Wednesday?$AA@ 00000001400137f8     libucrt:nlsdata.obj
 0002:00001808       ??_C@_08HACCIKIA@Thursday?$AA@ 0000000140013808     libucrt:nlsdata.obj
 0002:00001814       ??_C@_06JECMNKMI@Friday?$AA@ 0000000140013814     libucrt:nlsdata.obj
 0002:00001820       ??_C@_08INBOOONO@Saturday?$AA@ 0000000140013820     libucrt:nlsdata.obj
 0002:0000182c       ??_C@_03JIHJHPIE@Jan?$AA@  000000014001382c     libucrt:nlsdata.obj
 0002:00001830       ??_C@_03HJBDCHOM@Feb?$AA@  0000000140013830     libucrt:nlsdata.obj
 0002:00001834       ??_C@_03ODNJBKGA@Mar?$AA@  0000000140013834     libucrt:nlsdata.obj
 0002:00001838       ??_C@_03LEOLGMJP@Apr?$AA@  0000000140013838     libucrt:nlsdata.obj
 0002:0000183c       ??_C@_03CNMDKL@May?$AA@    000000014001383c     libucrt:nlsdata.obj
 0002:00001840       ??_C@_03IDFGHECI@Jun?$AA@  0000000140013840     libucrt:nlsdata.obj
 0002:00001844       ??_C@_03LBGABGKK@Jul?$AA@  0000000140013844     libucrt:nlsdata.obj
 0002:00001848       ??_C@_03IFJFEIGA@Aug?$AA@  0000000140013848     libucrt:nlsdata.obj
 0002:0000184c       ??_C@_03GGCAPAJC@Sep?$AA@  000000014001384c     libucrt:nlsdata.obj
 0002:00001850       ??_C@_03BMAOKBAD@Oct?$AA@  0000000140013850     libucrt:nlsdata.obj
 0002:00001854       ??_C@_03JPJOFNIA@Nov?$AA@  0000000140013854     libucrt:nlsdata.obj
 0002:00001858       ??_C@_03MKABNOCG@Dec?$AA@  0000000140013858     libucrt:nlsdata.obj
 0002:00001860       ??_C@_07CGJPFGJA@January?$AA@ 0000000140013860     libucrt:nlsdata.obj
 0002:00001868       ??_C@_08GNJGEPFN@February?$AA@ 0000000140013868     libucrt:nlsdata.obj
 0002:00001874       ??_C@_05HPCKOFNC@March?$AA@ 0000000140013874     libucrt:nlsdata.obj
 0002:0000187c       ??_C@_05DMJDNLEJ@April?$AA@ 000000014001387c     libucrt:nlsdata.obj
 0002:00001884       ??_C@_04CNLMGBGM@June?$AA@ 0000000140013884     libucrt:nlsdata.obj
 0002:0000188c       ??_C@_04MIEPOIFP@July?$AA@ 000000014001388c     libucrt:nlsdata.obj
 0002:00001894       ??_C@_06LBBHFDDG@August?$AA@ 0000000140013894     libucrt:nlsdata.obj
 0002:000018a0       ??_C@_09BHHEALKD@September?$AA@ 00000001400138a0     libucrt:nlsdata.obj
 0002:000018b0       ??_C@_07JJNFCEND@October?$AA@ 00000001400138b0     libucrt:nlsdata.obj
 0002:000018b8       ??_C@_08HCHEGEOA@November?$AA@ 00000001400138b8     libucrt:nlsdata.obj
 0002:000018c8       ??_C@_08EDHMEBNP@December?$AA@ 00000001400138c8     libucrt:nlsdata.obj
 0002:000018d4       ??_C@_02DEDBPAFC@AM?$AA@   00000001400138d4     libucrt:nlsdata.obj
 0002:000018d8       ??_C@_02CJNFDJBF@PM?$AA@   00000001400138d8     libucrt:nlsdata.obj
 0002:000018e0       ??_C@_08BPBNCDIB@MM?1dd?1yy?$AA@ 00000001400138e0     libucrt:nlsdata.obj
 0002:000018f0       ??_C@_0BE@CKGJFCPC@dddd?0?5MMMM?5dd?0?5yyyy?$AA@ 00000001400138f0     libucrt:nlsdata.obj
 0002:00001908       ??_C@_08JCCMCCIL@HH?3mm?3ss?$AA@ 0000000140013908     libucrt:nlsdata.obj
 0002:00001918       ??_C@_17MBGCMIPB@?$AAS?$AAu?$AAn?$AA?$AA@ 0000000140013918     libucrt:nlsdata.obj
 0002:00001920       ??_C@_17KBOMKBF@?$AAM?$AAo?$AAn?$AA?$AA@ 0000000140013920     libucrt:nlsdata.obj
 0002:00001928       ??_C@_17BMKGEGOJ@?$AAT?$AAu?$AAe?$AA?$AA@ 0000000140013928     libucrt:nlsdata.obj
 0002:00001930       ??_C@_17CJEDCEPE@?$AAW?$AAe?$AAd?$AA?$AA@ 0000000140013930     libucrt:nlsdata.obj
 0002:00001938       ??_C@_17PDPHAADD@?$AAT?$AAh?$AAu?$AA?$AA@ 0000000140013938     libucrt:nlsdata.obj
 0002:00001940       ??_C@_17HFOLPPLP@?$AAF?$AAr?$AAi?$AA?$AA@ 0000000140013940     libucrt:nlsdata.obj
 0002:00001948       ??_C@_17GGIBDPIH@?$AAS?$AAa?$AAt?$AA?$AA@ 0000000140013948     libucrt:nlsdata.obj
 0002:00001950       ??_C@_1O@IHNHDHPB@?$AAS?$AAu?$AAn?$AAd?$AAa?$AAy?$AA?$AA@ 0000000140013950     libucrt:nlsdata.obj
 0002:00001960       ??_C@_1O@MMNBFLIA@?$AAM?$AAo?$AAn?$AAd?$AAa?$AAy?$AA?$AA@ 0000000140013960     libucrt:nlsdata.obj
 0002:00001970       ??_C@_1BA@ENFBFFEK@?$AAT?$AAu?$AAe?$AAs?$AAd?$AAa?$AAy?$AA?$AA@ 0000000140013970     libucrt:nlsdata.obj
 0002:00001980       ??_C@_1BE@EBOGMDOH@?$AAW?$AAe?$AAd?$AAn?$AAe?$AAs?$AAd?$AAa?$AAy?$AA?$AA@ 0000000140013980     libucrt:nlsdata.obj
 0002:00001998       ??_C@_1BC@HHMNLIHE@?$AAT?$AAh?$AAu?$AAr?$AAs?$AAd?$AAa?$AAy?$AA?$AA@ 0000000140013998     libucrt:nlsdata.obj
 0002:000019b0       ??_C@_1O@PDICJHAG@?$AAF?$AAr?$AAi?$AAd?$AAa?$AAy?$AA?$AA@ 00000001400139b0     libucrt:nlsdata.obj
 0002:000019c0       ??_C@_1BC@ENMNNPAJ@?$AAS?$AAa?$AAt?$AAu?$AAr?$AAd?$AAa?$AAy?$AA?$AA@ 00000001400139c0     libucrt:nlsdata.obj
 0002:000019d8       ??_C@_17DKNBKCHM@?$AAJ?$AAa?$AAn?$AA?$AA@ 00000001400139d8     libucrt:nlsdata.obj
 0002:000019e0       ??_C@_17LMDJEKJN@?$AAF?$AAe?$AAb?$AA?$AA@ 00000001400139e0     libucrt:nlsdata.obj
 0002:000019e8       ??_C@_17CKNLEDEC@?$AAM?$AAa?$AAr?$AA?$AA@ 00000001400139e8     libucrt:nlsdata.obj
 0002:000019f0       ??_C@_17LFPOIHDD@?$AAA?$AAp?$AAr?$AA?$AA@ 00000001400139f0     libucrt:nlsdata.obj
 0002:000019f8       ??_C@_17PNNKMEED@?$AAM?$AAa?$AAy?$AA?$AA@ 00000001400139f8     libucrt:nlsdata.obj
 0002:00001a00       ??_C@_17KCJGOCPB@?$AAJ?$AAu?$AAn?$AA?$AA@ 0000000140013a00     libucrt:nlsdata.obj
 0002:00001a08       ??_C@_17IJPCKHK@?$AAJ?$AAu?$AAl?$AA?$AA@ 0000000140013a08     libucrt:nlsdata.obj
 0002:00001a10       ??_C@_17ICPELBCN@?$AAA?$AAu?$AAg?$AA?$AA@ 0000000140013a10     libucrt:nlsdata.obj
 0002:00001a18       ??_C@_17HCHCOKMG@?$AAS?$AAe?$AAp?$AA?$AA@ 0000000140013a18     libucrt:nlsdata.obj
 0002:00001a20       ??_C@_17FNLKOI@?$AAO?$AAc?$AAt?$AA?$AA@ 0000000140013a20     libucrt:nlsdata.obj
 0002:00001a28       ??_C@_17BBDMLCIG@?$AAN?$AAo?$AAv?$AA?$AA@ 0000000140013a28     libucrt:nlsdata.obj
 0002:00001a30       ??_C@_17EGKACKIF@?$AAD?$AAe?$AAc?$AA?$AA@ 0000000140013a30     libucrt:nlsdata.obj
 0002:00001a38       ??_C@_1BA@EFMEIEBA@?$AAJ?$AAa?$AAn?$AAu?$AAa?$AAr?$AAy?$AA?$AA@ 0000000140013a38     libucrt:nlsdata.obj
 0002:00001a48       ??_C@_1BC@JGDDFFAM@?$AAF?$AAe?$AAb?$AAr?$AAu?$AAa?$AAr?$AAy?$AA?$AA@ 0000000140013a48     libucrt:nlsdata.obj
 0002:00001a60       ??_C@_1M@IKEENEDF@?$AAM?$AAa?$AAr?$AAc?$AAh?$AA?$AA@ 0000000140013a60     libucrt:nlsdata.obj
 0002:00001a70       ??_C@_1M@GJNLMHFD@?$AAA?$AAp?$AAr?$AAi?$AAl?$AA?$AA@ 0000000140013a70     libucrt:nlsdata.obj
 0002:00001a80       ??_C@_19EPFLPGAP@?$AAJ?$AAu?$AAn?$AAe?$AA?$AA@ 0000000140013a80     libucrt:nlsdata.obj
 0002:00001a90       ??_C@_19BIFMLPCD@?$AAJ?$AAu?$AAl?$AAy?$AA?$AA@ 0000000140013a90     libucrt:nlsdata.obj
 0002:00001aa0       ??_C@_1O@PAHLKOAC@?$AAA?$AAu?$AAg?$AAu?$AAs?$AAt?$AA?$AA@ 0000000140013aa0     libucrt:nlsdata.obj
 0002:00001ab0       ??_C@_1BE@DKAAMBJL@?$AAS?$AAe?$AAp?$AAt?$AAe?$AAm?$AAb?$AAe?$AAr?$AA?$AA@ 0000000140013ab0     libucrt:nlsdata.obj
 0002:00001ac8       ??_C@_1BA@EPANDLNG@?$AAO?$AAc?$AAt?$AAo?$AAb?$AAe?$AAr?$AA?$AA@ 0000000140013ac8     libucrt:nlsdata.obj
 0002:00001ad8       ??_C@_1BC@BGLIFPF@?$AAN?$AAo?$AAv?$AAe?$AAm?$AAb?$AAe?$AAr?$AA?$AA@ 0000000140013ad8     libucrt:nlsdata.obj
 0002:00001af0       ??_C@_1BC@FEMKIFH@?$AAD?$AAe?$AAc?$AAe?$AAm?$AAb?$AAe?$AAr?$AA?$AA@ 0000000140013af0     libucrt:nlsdata.obj
 0002:00001b04       ??_C@_15ODEHAHHF@?$AAA?$AAM?$AA?$AA@ 0000000140013b04     libucrt:nlsdata.obj
 0002:00001b0c       ??_C@_15CLMNNGEL@?$AAP?$AAM?$AA?$AA@ 0000000140013b0c     libucrt:nlsdata.obj
 0002:00001b18       ??_C@_1BC@IEBCMHCM@?$AAM?$AAM?$AA?1?$AAd?$AAd?$AA?1?$AAy?$AAy?$AA?$AA@ 0000000140013b18     libucrt:nlsdata.obj
 0002:00001b30       ??_C@_1CI@KNAKOEBC@?$AAd?$AAd?$AAd?$AAd?$AA?0?$AA?5?$AAM?$AAM?$AAM?$AAM?$AA?5?$AAd?$AAd?$AA?0?$AA?5?$AAy?$AAy?$AAy?$AAy?$AA?$AA@ 0000000140013b30     libucrt:nlsdata.obj
 0002:00001b58       ??_C@_1BC@GDGBMEMK@?$AAH?$AAH?$AA?3?$AAm?$AAm?$AA?3?$AAs?$AAs?$AA?$AA@ 0000000140013b58     libucrt:nlsdata.obj
 0002:00001b70       ??_C@_1M@BMHNFIME@?$AAe?$AAn?$AA?9?$AAU?$AAS?$AA?$AA@ 0000000140013b70     libucrt:nlsdata.obj
 0002:00001b80       __Lcosfarray               0000000140013b80     libucrt:lsincosf_array.obj
 0002:00001bb0       __Lsinfarray               0000000140013bb0     libucrt:lsincosf_array.obj
 0002:00001bd0       __L_2_by_pi_bits           0000000140013bd0     libucrt:l2_by_pi_bits.obj
 0002:00001d20       ??_C@_04LAGPAAHP@sinf?$AA@ 0000000140013d20     libucrt:sincos_special.obj
 0002:00001d48       ??_C@_1M@HPNHIDJI@?$AAj?$AAa?$AA?9?$AAJ?$AAP?$AA?$AA@ 0000000140013d48     libucrt:mbctype.obj
 0002:00001d58       ??_C@_1M@BIBDDEMK@?$AAz?$AAh?$AA?9?$AAC?$AAN?$AA?$AA@ 0000000140013d58     libucrt:mbctype.obj
 0002:00001d68       ??_C@_1M@JLOOOEGK@?$AAk?$AAo?$AA?9?$AAK?$AAR?$AA?$AA@ 0000000140013d68     libucrt:mbctype.obj
 0002:00001d78       ??_C@_1M@CLNBBOPM@?$AAz?$AAh?$AA?9?$AAT?$AAW?$AA?$AA@ 0000000140013d78     libucrt:mbctype.obj
 0002:00001e30       ??_C@_1EG@CNNIPFIM@?$AAa?$AAp?$AAi?$AA?9?$AAm?$AAs?$AA?9?$AAw?$AAi?$AAn?$AA?9?$AAa?$AAp?$AAp?$AAm?$AAo?$AAd?$AAe?$AAl?$AA?9?$AAr?$AAu?$AAn?$AAt?$AAi?$AAm?$AAe?$AA?9?$AAl?$AA1?$AA?9?$AA1@ 0000000140013e30     libucrt:winapi_thunks.obj
 0002:00001e80       ??_C@_1EA@JGEFHKEI@?$AAa?$AAp?$AAi?$AA?9?$AAm?$AAs?$AA?9?$AAw?$AAi?$AAn?$AA?9?$AAc?$AAo?$AAr?$AAe?$AA?9?$AAd?$AAa?$AAt?$AAe?$AAt?$AAi?$AAm?$AAe?$AA?9?$AAl?$AA1?$AA?9?$AA1?$AA?9?$AA1?$AA?$AA@ 0000000140013e80     libucrt:winapi_thunks.obj
 0002:00001ec0       ??_C@_1DI@GCIAAENM@?$AAa?$AAp?$AAi?$AA?9?$AAm?$AAs?$AA?9?$AAw?$AAi?$AAn?$AA?9?$AAc?$AAo?$AAr?$AAe?$AA?9?$AAf?$AAi?$AAl?$AAe?$AA?9?$AAl?$AA2?$AA?9?$AA1?$AA?9?$AA1?$AA?$AA@ 0000000140013ec0     libucrt:winapi_thunks.obj
 0002:00001f00       ??_C@_1EI@MPIAOHOC@?$AAa?$AAp?$AAi?$AA?9?$AAm?$AAs?$AA?9?$AAw?$AAi?$AAn?$AA?9?$AAc?$AAo?$AAr?$AAe?$AA?9?$AAl?$AAo?$AAc?$AAa?$AAl?$AAi?$AAz?$AAa?$AAt?$AAi?$AAo?$AAn?$AA?9?$AAl?$AA1?$AA?9@ 0000000140013f00     libucrt:winapi_thunks.obj
 0002:00001f50       ??_C@_1FK@FPHCKFIE@?$AAa?$AAp?$AAi?$AA?9?$AAm?$AAs?$AA?9?$AAw?$AAi?$AAn?$AA?9?$AAc?$AAo?$AAr?$AAe?$AA?9?$AAl?$AAo?$AAc?$AAa?$AAl?$AAi?$AAz?$AAa?$AAt?$AAi?$AAo?$AAn?$AA?9?$AAo?$AAb?$AAs@ 0000000140013f50     libucrt:winapi_thunks.obj
 0002:00001fb0       ??_C@_1EM@DILCGIIO@?$AAa?$AAp?$AAi?$AA?9?$AAm?$AAs?$AA?9?$AAw?$AAi?$AAn?$AA?9?$AAc?$AAo?$AAr?$AAe?$AA?9?$AAp?$AAr?$AAo?$AAc?$AAe?$AAs?$AAs?$AAt?$AAh?$AAr?$AAe?$AAa?$AAd?$AAs?$AA?9?$AAl@ 0000000140013fb0     libucrt:winapi_thunks.obj
 0002:00002000       ??_C@_1DM@LNCGDDPN@?$AAa?$AAp?$AAi?$AA?9?$AAm?$AAs?$AA?9?$AAw?$AAi?$AAn?$AA?9?$AAc?$AAo?$AAr?$AAe?$AA?9?$AAs?$AAt?$AAr?$AAi?$AAn?$AAg?$AA?9?$AAl?$AA1?$AA?9?$AA1?$AA?9?$AA0?$AA?$AA@ 0000000140014000     libucrt:winapi_thunks.obj
 0002:00002040       ??_C@_1DO@FPAPJEMD@?$AAa?$AAp?$AAi?$AA?9?$AAm?$AAs?$AA?9?$AAw?$AAi?$AAn?$AA?9?$AAc?$AAo?$AAr?$AAe?$AA?9?$AAs?$AAy?$AAs?$AAi?$AAn?$AAf?$AAo?$AA?9?$AAl?$AA1?$AA?9?$AA2?$AA?9?$AA1?$AA?$AA@ 0000000140014040     libucrt:winapi_thunks.obj
 0002:00002080       ??_C@_1DK@NDHNAHIO@?$AAa?$AAp?$AAi?$AA?9?$AAm?$AAs?$AA?9?$AAw?$AAi?$AAn?$AA?9?$AAc?$AAo?$AAr?$AAe?$AA?9?$AAw?$AAi?$AAn?$AAr?$AAt?$AA?9?$AAl?$AA1?$AA?9?$AA1?$AA?9?$AA0?$AA?$AA@ 0000000140014080     libucrt:winapi_thunks.obj
 0002:000020c0       ??_C@_1DM@KGHDGBCM@?$AAa?$AAp?$AAi?$AA?9?$AAm?$AAs?$AA?9?$AAw?$AAi?$AAn?$AA?9?$AAc?$AAo?$AAr?$AAe?$AA?9?$AAx?$AAs?$AAt?$AAa?$AAt?$AAe?$AA?9?$AAl?$AA2?$AA?9?$AA1?$AA?9?$AA0?$AA?$AA@ 00000001400140c0     libucrt:winapi_thunks.obj
 0002:00002100       ??_C@_1EO@IJIOEFOH@?$AAa?$AAp?$AAi?$AA?9?$AAm?$AAs?$AA?9?$AAw?$AAi?$AAn?$AA?9?$AAr?$AAt?$AAc?$AAo?$AAr?$AAe?$AA?9?$AAn?$AAt?$AAu?$AAs?$AAe?$AAr?$AA?9?$AAw?$AAi?$AAn?$AAd?$AAo?$AAw?$AA?9@ 0000000140014100     libucrt:winapi_thunks.obj
 0002:00002150       ??_C@_1FG@HHGEKANL@?$AAa?$AAp?$AAi?$AA?9?$AAm?$AAs?$AA?9?$AAw?$AAi?$AAn?$AA?9?$AAs?$AAe?$AAc?$AAu?$AAr?$AAi?$AAt?$AAy?$AA?9?$AAs?$AAy?$AAs?$AAt?$AAe?$AAm?$AAf?$AAu?$AAn?$AAc?$AAt?$AAi@ 0000000140014150     libucrt:winapi_thunks.obj
 0002:000021b0       ??_C@_1FG@NCKKOLKO@?$AAe?$AAx?$AAt?$AA?9?$AAm?$AAs?$AA?9?$AAw?$AAi?$AAn?$AA?9?$AAk?$AAe?$AAr?$AAn?$AAe?$AAl?$AA3?$AA2?$AA?9?$AAp?$AAa?$AAc?$AAk?$AAa?$AAg?$AAe?$AA?9?$AAc?$AAu?$AAr?$AAr@ 00000001400141b0     libucrt:winapi_thunks.obj
 0002:00002210       ??_C@_1EG@DBIOJECG@?$AAe?$AAx?$AAt?$AA?9?$AAm?$AAs?$AA?9?$AAw?$AAi?$AAn?$AA?9?$AAn?$AAt?$AAu?$AAs?$AAe?$AAr?$AA?9?$AAd?$AAi?$AAa?$AAl?$AAo?$AAg?$AAb?$AAo?$AAx?$AA?9?$AAl?$AA1?$AA?9?$AA1@ 0000000140014210     libucrt:winapi_thunks.obj
 0002:00002260       ??_C@_1EO@FIHMJCLF@?$AAe?$AAx?$AAt?$AA?9?$AAm?$AAs?$AA?9?$AAw?$AAi?$AAn?$AA?9?$AAn?$AAt?$AAu?$AAs?$AAe?$AAr?$AA?9?$AAw?$AAi?$AAn?$AAd?$AAo?$AAw?$AAs?$AAt?$AAa?$AAt?$AAi?$AAo?$AAn?$AA?9@ 0000000140014260     libucrt:winapi_thunks.obj
 0002:000022b0       ??_C@_1O@BCCLBEOE@?$AAu?$AAs?$AAe?$AAr?$AA3?$AA2?$AA?$AA@ 00000001400142b0     libucrt:winapi_thunks.obj
 0002:000022e8       ??_C@_0BE@JOGNEJCI@GetCurrentPackageId?$AA@ 00000001400142e8     libucrt:winapi_thunks.obj
 0002:00002310       ??_C@_0O@KKBNKAPF@LCMapStringEx?$AA@ 0000000140014310     libucrt:winapi_thunks.obj
 0002:00002328       ??_C@_0BB@HBDEELFH@LocaleNameToLCID?$AA@ 0000000140014328     libucrt:winapi_thunks.obj
 0002:00002340       __newctype                 0000000140014340     libucrt:ctype.obj
 0002:00002640       __newclmap                 0000000140014640     libucrt:ctype.obj
 0002:000027c0       __newcumap                 00000001400147c0     libucrt:ctype.obj
[...]
 0004:000008ac       $pdata$_sincosf_special    000000014001e8ac     libucrt:sincos_special.obj
 0004:000008b8       $pdata$??$common_expand_argv_wildcards@D@@YAHQEAPEADQEAPEAPEAD@Z 000000014001e8b8     libucrt:argv_wildcards.obj
 0004:000008c4       $pdata$??$copy_and_add_argument_to_buffer@D@@YAHQEBD0_KAEAV?$argument_list@D@?A0x7b96f60e@@@Z 000000014001e8c4     libucrt:argv_wildcards.obj
 0004:000008d0       $pdata$??$expand_argument_wildcards@D@@YAHQEAD0AEAV?$argument_list@D@?A0x7b96f60e@@@Z 000000014001e8d0     libucrt:argv_wildcards.obj
 0004:000008dc       $pdata$?expand_if_necessary@?$argument_list@D@?A0x7b96f60e@@AEAAHXZ 000000014001e8dc     libucrt:argv_wildcards.obj
 0004:000008e8       $pdata$??$?RV<lambda_99476a1ad63dd22509b5d3e65b0ffc95>@@AEAV<lambda_ad1ced32f4ac17aa236e5ef05d6b3b7c>@@V<lambda_f7424dd8d45958661754dc4f2697e9c3>@@@?$__crt_seh_guarded_call@X@@QEAAX$$QEAV<lambda_99476a1ad63dd22509b5d3e65b0ffc95>@@AEAV<lambda_ad1ced32f4ac17aa236e5ef05d6b3b7c>@@$$QEAV<lambda_f7424dd8d45958661754dc4f2697e9c3>@@@Z 000000014001e8e8     libucrt:mbctype.obj
 0004:000008f4       $pdata$??R<lambda_ad1ced32f4ac17aa236e5ef05d6b3b7c>@@QEBAXXZ 000000014001e8f4     libucrt:mbctype.obj
 0004:00000900       $pdata$?getSystemCP@@YAHH@Z 000000014001e900     libucrt:mbctype.obj
 0004:0000090c       $pdata$?setSBCS@@YAXPEAU__crt_multibyte_data@@@Z 000000014001e90c     libucrt:mbctype.obj
 0004:00000918       $pdata$?setSBUpLow@@YAXPEAU__crt_multibyte_data@@@Z 000000014001e918     libucrt:mbctype.obj
 0004:00000924       $pdata$?setmbcp_internal@@YAHH_N@Z 000000014001e924     libucrt:mbctype.obj
 0004:00000930       $pdata$__acrt_initialize_multibyte 000000014001e930     libucrt:mbctype.obj
 0004:0000093c       $pdata$__acrt_update_thread_multibyte_data 000000014001e93c     libucrt:mbctype.obj
 0004:00000948       $pdata$_setmbcp_nolock     000000014001e948     libucrt:mbctype.obj
 0004:00000954       $pdata$?x_ismbbtype_l@@YAHPEAU__crt_locale_pointers@@IHH@Z 000000014001e954     libucrt:ismbbyte.obj
 0004:00000960       $pdata$__acrt_initialize_command_line 000000014001e960     libucrt:argv_data.obj
 0004:0000096c       $pdata$__dcrt_get_narrow_environment_from_os 000000014001e96c     libucrt:get_environment_from_os.obj
 0004:00000978       $pdata$__acrt_initialize_locks 000000014001e978     libucrt:locks.obj
 0004:00000984       $pdata$__acrt_uninitialize_locks 000000014001e984     libucrt:locks.obj
 0004:00000990       $pdata$?try_get_function@@YAPEAXW4function_id@?A0x1dd686d3@@QEBDQEBW4module_id@2@2@Z 000000014001e990     libucrt:winapi_thunks.obj
 0004:0000099c       $pdata$__acrt_FlsAlloc     000000014001e99c     libucrt:winapi_thunks.obj
 0004:000009a8       $pdata$__acrt_FlsFree      000000014001e9a8     libucrt:winapi_thunks.obj
 0004:000009b4       $pdata$__acrt_FlsGetValue  000000014001e9b4     libucrt:winapi_thunks.obj
 0004:000009c0       $pdata$__acrt_FlsSetValue  000000014001e9c0     libucrt:winapi_thunks.obj
 0004:000009cc       $pdata$__acrt_InitializeCriticalSectionEx 000000014001e9cc     libucrt:winapi_thunks.obj
 0004:000009d8       $pdata$__acrt_LCMapStringEx 000000014001e9d8     libucrt:winapi_thunks.obj
 0004:000009e4       $pdata$__acrt_LocaleNameToLCID 000000014001e9e4     libucrt:winapi_thunks.obj
 0004:000009f0       $pdata$__acrt_initialize_winapi_thunks 000000014001e9f0     libucrt:winapi_thunks.obj
 0004:000009fc       $pdata$__acrt_is_packaged_app 000000014001e9fc     libucrt:winapi_thunks.obj
 0004:00000a08       $pdata$__acrt_uninitialize_winapi_thunks 000000014001ea08     libucrt:winapi_thunks.obj
 0004:00000a14       $pdata$__acrt_lowio_create_handle_array 000000014001ea14     libucrt:osfinfo.obj
 0004:00000a20       $pdata$__acrt_lowio_destroy_handle_array 000000014001ea20     libucrt:osfinfo.obj
 0004:00000a2c       $pdata$__acrt_lowio_ensure_fh_exists 000000014001ea2c     libucrt:osfinfo.obj
 0004:00000a38       $pdata$_free_osfhnd        000000014001ea38     libucrt:osfinfo.obj
 0004:00000a44       $pdata$_get_osfhandle      000000014001ea44     libucrt:osfinfo.obj
 0004:00000a50       $pdata$__acrt_locale_free_monetary 000000014001ea50     libucrt:initmon.obj
 0004:00000a5c       $pdata$__acrt_locale_free_numeric 000000014001ea5c     libucrt:initnum.obj
 0004:00000a68       $pdata$?free_crt_array_internal@@YAXQEAPEBX_K@Z 000000014001ea68     libucrt:inittime.obj
 0004:00000a74       $pdata$__acrt_locale_free_time 000000014001ea74     libucrt:inittime.obj
 0004:00000a80       $pdata$__pctype_func       000000014001ea80     libucrt:ctype.obj
 0004:00000a8c       $pdata$__acrt_GetStringTypeA 000000014001ea8c     libucrt:getstringtypea.obj
 0004:00000a98       $pdata$__acrt_free_locale  000000014001ea98     libucrt:locale_refcounting.obj
 0004:00000aa4       $pdata$__acrt_locale_free_lc_time_if_unreferenced 000000014001eaa4     libucrt:locale_refcounting.obj
 0004:00000ab0       $pdata$__acrt_release_locale_ref 000000014001eab0     libucrt:locale_refcounting.obj
 0004:00000abc       $pdata$__acrt_update_thread_locale_data 000000014001eabc     libucrt:locale_refcounting.obj
 0004:00000ac8       $pdata$_updatetlocinfoEx_nolock 000000014001eac8     libucrt:locale_refcounting.obj
 0004:00000ad4       $pdata$_recalloc_base      000000014001ead4     libucrt:recalloc.obj
 0004:00000ae0       $pdata$__acrt_initialize_heap 000000014001eae0     libucrt:heap_handle.obj
 0004:00000aec       $pdata$__acrt_execute_initializers 000000014001eaec     libucrt:shared_initialization.obj
 0004:00000af8       $pdata$__acrt_execute_uninitializers 000000014001eaf8     libucrt:shared_initialization.obj
 0004:00000b04       $pdata$_callnewh           000000014001eb04     libucrt:new_handler.obj
 0004:00000b10       $pdata$_query_new_handler  000000014001eb10     libucrt:new_handler.obj
 0004:00000b1c       $pdata$??$?RV<lambda_c36588078e9f5dfd39652860aa6b3aaf>@@AEAV<lambda_ec61778202f4f5fc7e7711acc23c3bca>@@V<lambda_dc9d2797ccde5d239b4a0efae8ebd7db>@@@?$__crt_seh_guarded_call@P6AXH@Z@@QEAAP6AXH@Z$$QEAV<lambda_c36588078e9f5dfd39652860aa6b3aaf>@@AEAV<lambda_ec61778202f4f5fc7e7711acc23c3bca>@@$$QEAV<lambda_dc9d2797ccde5d239b4a0efae8ebd7db>@@@Z 000000014001eb1c     libucrt:signal.obj
 0004:00000b28       $pdata$__acrt_get_sigabrt_handler 000000014001eb28     libucrt:signal.obj
 0004:00000b34       $pdata$raise               000000014001eb34     libucrt:signal.obj
 0004:00000b40       $pdata$_isctype_l          000000014001eb40     libucrt:isctype.obj
 0004:00000b4c       $pdata$_isleadbyte_l       000000014001eb4c     libucrt:_wctype.obj
 0004:00000b58       $pdata$?__acrt_LCMapStringA_stat@@YAHPEAU__crt_locale_pointers@@PEB_WKPEBDHPEADHHH@Z 000000014001eb58     libucrt:lcmapstringa.obj
 0004:00000b64       $pdata$__acrt_LCMapStringA 000000014001eb64     libucrt:lcmapstringa.obj
 0004:00000b70       $pdata$__acrt_fp_strflt_to_string 000000014001eb70     libucrt:_fptostr.obj
 0004:00000b7c       $pdata$?divide@__crt_strtox@@YA_KAEAUbig_integer@1@AEBU21@@Z 000000014001eb7c     libucrt:cfout.obj
 0004:00000b88       $pdata$5$?divide@__crt_strtox@@YA_KAEAUbig_integer@1@AEBU21@@Z 000000014001eb88     libucrt:cfout.obj
 0004:00000b94       $pdata$6$?divide@__crt_strtox@@YA_KAEAUbig_integer@1@AEBU21@@Z 000000014001eb94     libucrt:cfout.obj
 0004:00000ba0       $pdata$__acrt_fltout       000000014001eba0     libucrt:cfout.obj
 0004:00000bac       $pdata$memcpy_s            000000014001ebac     libucrt:cfout.obj
 0004:00000bb8       $pdata$_fcloseall          000000014001ebb8     libucrt:closeall.obj
 0004:00000bc4       $pdata$__acrt_stdio_flush_nolock 000000014001ebc4     libucrt:fflush.obj
 0004:00000bd0       $pdata$_fflush_nolock      000000014001ebd0     libucrt:fflush.obj
 0004:00000bdc       $pdata$common_flush_all    000000014001ebdc     libucrt:fflush.obj
 0004:00000be8       $pdata$__acrt_stdio_free_buffer_nolock 000000014001ebe8     libucrt:_freebuf.obj
 0004:00000bf4       $pdata$_isatty             000000014001ebf4     libucrt:isatty.obj
 0004:00000c00       $pdata$_call_matherr       000000014001ec00     libucrt:libm_error.obj
 0004:00000c0c       $pdata$_exception_enabled  000000014001ec0c     libucrt:libm_error.obj
 0004:00000c18       $pdata$_handle_error       000000014001ec18     libucrt:libm_error.obj
 0004:00000c24       $pdata$_handle_errorf      000000014001ec24     libucrt:libm_error.obj
 0004:00000c30       $pdata$?shortsort@@YAXPEAD0_KP6AHPEBX2@Z@Z 000000014001ec30     libucrt:qsort.obj
 0004:00000c3c       $pdata$2$?shortsort@@YAXPEAD0_KP6AHPEBX2@Z@Z 000000014001ec3c     libucrt:qsort.obj
 0004:00000c48       $pdata$3$?shortsort@@YAXPEAD0_KP6AHPEBX2@Z@Z 000000014001ec48     libucrt:qsort.obj
 0004:00000c54       $pdata$qsort               000000014001ec54     libucrt:qsort.obj
 0004:00000c60       $pdata$4$qsort             000000014001ec60     libucrt:qsort.obj
 0004:00000c6c       $pdata$5$qsort             000000014001ec6c     libucrt:qsort.obj
 0004:00000c78       $pdata$strncpy_s           000000014001ec78     libucrt:strncpy_s.obj
 0004:00000c84       $pdata$strpbrk             000000014001ec84     libucrt:strpbrk.obj
 0004:00000c90       $pdata$_mbsdec_l           000000014001ec90     libucrt:mbsdec.obj
 0004:00000c9c       $pdata$?initialize_multibyte@@YAHXZ 000000014001ec9c     libucrt:multibyte_initializer.obj
 0004:00000ca8       $pdata$?GetTableIndexFromLocaleName@@YAHPEB_W@Z 000000014001eca8     libucrt:lcidtoname_downlevel.obj
 0004:00000cb4       $pdata$__acrt_DownlevelLocaleNameToLCID 000000014001ecb4     libucrt:lcidtoname_downlevel.obj
 0004:00000cc0       $pdata$_msize              000000014001ecc0     libucrt:msize.obj
 0004:00000ccc       $pdata$_realloc_base       000000014001eccc     libucrt:realloc_base.obj
 0004:00000cd8       $pdata$fegetenv            000000014001ecd8     libucrt:fegetenv.obj
 0004:00000ce4       $pdata$fesetenv            000000014001ece4     libucrt:fesetenv.obj
 0004:00000cf0       $pdata$feholdexcept        000000014001ecf0     libucrt:feholdexcept.obj
 0004:00000d08       $pdata$?write_double_translated_ansi_nolock@@YA?AUwrite_result@?A0x4392dfaa@@HQEBDI@Z 000000014001ed08     libucrt:write.obj
 0004:00000d14       $pdata$?write_text_ansi_nolock@@YA?AUwrite_result@?A0x4392dfaa@@HQEBDI@Z 000000014001ed14     libucrt:write.obj
 0004:00000d20       $pdata$?write_text_utf16le_nolock@@YA?AUwrite_result@?A0x4392dfaa@@HQEBDI@Z 000000014001ed20     libucrt:write.obj
 0004:00000d2c       $pdata$?write_text_utf8_nolock@@YA?AUwrite_result@?A0x4392dfaa@@HQEBDI@Z 000000014001ed2c     libucrt:write.obj
 0004:00000d38       $pdata$_write              000000014001ed38     libucrt:write.obj
 0004:00000d44       $pdata$_write_nolock       000000014001ed44     libucrt:write.obj
 0004:00000d50       $pdata$??$common_lseek_nolock@_J@@YA_JH_JH@Z 000000014001ed50     libucrt:lseek.obj
 0004:00000d5c       $pdata$_fclose_nolock      000000014001ed5c     libucrt:fclose.obj
 0004:00000d68       $pdata$fclose              000000014001ed68     libucrt:fclose.obj
 0004:00000d74       $pdata$??$?RV<lambda_b521505b218e5242e90febf6bfebc422>@@AEAV<lambda_6978c1fb23f02e42e1d9e99668cc68aa>@@V<lambda_314360699dd331753a4119843814e9a7>@@@?$__crt_seh_guarded_call@H@@QEAAH$$QEAV<lambda_b521505b218e5242e90febf6bfebc422>@@AEAV<lambda_6978c1fb23f02e42e1d9e99668cc68aa>@@$$QEAV<lambda_314360699dd331753a4119843814e9a7>@@@Z 000000014001ed74     libucrt:commit.obj
 0004:00000d80       $pdata$_commit             000000014001ed80     libucrt:commit.obj
 0004:00000d8c       $pdata$_raise_exc          000000014001ed8c     libucrt:fpexcept.obj
 0004:00000d98       $pdata$_raise_exc_ex       000000014001ed98     libucrt:fpexcept.obj
 0004:00000da4       $pdata$_raise_excf         000000014001eda4     libucrt:fpexcept.obj
 0004:00000db0       $pdata$_set_errno_from_matherr 000000014001edb0     libucrt:fpexcept.obj
 0004:00000dbc       $pdata$_clrfp              000000014001edbc     libucrt:fpctrl.obj
 0004:00000dc8       $pdata$_ctrlfp             000000014001edc8     libucrt:fpctrl.obj
 0004:00000dd4       $pdata$_set_statfp         000000014001edd4     libucrt:fpctrl.obj
 0004:00000de0       $pdata$_statfp             000000014001ede0     libucrt:fpctrl.obj
 0004:00000dec       $pdata$_getfpcontrolword   000000014001edec     libucrt:_fenvutils.obj
 0004:00000df8       $pdata$_getfpstatusword    000000014001edf8     libucrt:_fenvutils.obj
 0004:00000e04       $pdata$_setfpstatusword    000000014001ee04     libucrt:_fenvutils.obj
 0004:00000e10       $pdata$_clearfp            000000014001ee10     libucrt:ieee.obj
 0004:00000e1c       $pdata$common_control87    000000014001ee1c     libucrt:ieee.obj
 0004:00000e28       $pdata$_log10_special      000000014001ee28     libucrt:log_special.obj
 0004:00000e34       $pdata$_log_special_common 000000014001ee34     libucrt:log_special.obj
 0004:00000e40       $pdata$_putwch_nolock      000000014001ee40     libucrt:putwch.obj
 0004:00000e4c       $pdata$??$?RV<lambda_bfedae4ebbf01fab1bb6dcc6a9e276e0>@@AEAV<lambda_2fe9b910cf3cbf4a0ab98a02ba45b3ec>@@V<lambda_237c231691f317818eb88cc1d5d642d6>@@@?$__crt_seh_guarded_call@H@@QEAAH$$QEAV<lambda_bfedae4ebbf01fab1bb6dcc6a9e276e0>@@AEAV<lambda_2fe9b910cf3cbf4a0ab98a02ba45b3ec>@@$$QEAV<lambda_237c231691f317818eb88cc1d5d642d6>@@@Z 000000014001ee4c     libucrt:close.obj
 0004:00000e58       $pdata$_close              000000014001ee58     libucrt:close.obj
 0004:00000e64       $pdata$_close_nolock       000000014001ee64     libucrt:close.obj
 0004:00000e7c       $pdata$__dcrt_lowio_initialize_console_output 000000014001ee7c     libucrt:initcon.obj
 0004:00000e88       $pdata$__dcrt_terminate_console_output 000000014001ee88     libucrt:initcon.obj
 0004:00000e94       $pdata$_IsNonwritableInCurrentImage 000000014001ee94     LIBCMT:pesect.obj
 0004:00000ec4       $pdata$strrchr             000000014001eec4     libvcruntime:strrchr.obj
 0004:00000edc       $pdata$?filt$0@?0??__scrt_common_main_seh@@YAHXZ@4HA 000000014001eedc     LIBCMT:exe_winmain.obj
 0004:00000ee8       $pdata$__scrt_is_nonwritable_in_current_image$filt$0 000000014001eee8     LIBCMT:utility.obj
 0004:00000ef4       $pdata$?filt$0@?0??common_exit@@YAXHW4_crt_exit_cleanup_mode@@W4_crt_exit_return_mode@@@Z@4HA 000000014001eef4     libucrt:exit.obj
 0004:00000f00       $pdata$?fin$1@?0??common_exit@@YAXHW4_crt_exit_cleanup_mode@@W4_crt_exit_return_mode@@@Z@4HA 000000014001ef00     libucrt:exit.obj
 0004:00000f0c       $pdata$__acrt_update_thread_locale_data$fin$0 000000014001ef0c     libucrt:locale_refcounting.obj
 0004:00000f0c       $pdata$__acrt_uninitialize_locale$fin$0 000000014001ef0c     libucrt:wsetlocale.obj
 0004:00000f18       $pdata$?fin$0@?0???$?RV<lambda_e24bbb7b643b32fcea6fa61b31d4c984>@@AEAV<lambda_275893d493268fdec8709772e3fcec0e>@@V<lambda_9d71df4d7cf3f480f8d633942495c3b0>@@@?$__crt_seh_guarded_call@H@@QEAAH$$QEAV<lambda_e24bbb7b643b32fcea6fa61b31d4c984>@@AEAV<lambda_275893d493268fdec8709772e3fcec0e>@@$$QEAV<lambda_9d71df4d7cf3f480f8d633942495c3b0>@@@Z@4HA 000000014001ef18     libucrt:onexit.obj
 0004:00000f24       $pdata$?fin$0@?0???$?RV<lambda_99476a1ad63dd22509b5d3e65b0ffc95>@@AEAV<lambda_ad1ced32f4ac17aa236e5ef05d6b3b7c>@@V<lambda_f7424dd8d45958661754dc4f2697e9c3>@@@?$__crt_seh_guarded_call@X@@QEAAX$$QEAV<lambda_99476a1ad63dd22509b5d3e65b0ffc95>@@AEAV<lambda_ad1ced32f4ac17aa236e5ef05d6b3b7c>@@$$QEAV<lambda_f7424dd8d45958661754dc4f2697e9c3>@@@Z@4HA 000000014001ef24     libucrt:mbctype.obj
 0004:00000f24       $pdata$?fin$0@?0???$?RV<lambda_fb3a7dec4e47f37f22dae91bb15c9095>@@AEAV<lambda_698284760c8add0bfb0756c19673e34b>@@V<lambda_dfb8eca1e75fef3034a8fb18dd509707>@@@?$__crt_seh_guarded_call@X@@QEAAX$$QEAV<lambda_fb3a7dec4e47f37f22dae91bb15c9095>@@AEAV<lambda_698284760c8add0bfb0756c19673e34b>@@$$QEAV<lambda_dfb8eca1e75fef3034a8fb18dd509707>@@@Z@4HA 000000014001ef24     libucrt:per_thread_data.obj
 0004:00000f24       $pdata$?fin$0@?0???$?RV<lambda_b8c45f8f788dd370798f47cfe8ac3a86>@@AEAV<lambda_4e60a939b0d047cfe11ddc22648dfba9>@@V<lambda_332c3edc96d0294ec56c57d38c1cdfd5>@@@?$__crt_seh_guarded_call@H@@QEAAH$$QEAV<lambda_b8c45f8f788dd370798f47cfe8ac3a86>@@AEAV<lambda_4e60a939b0d047cfe11ddc22648dfba9>@@$$QEAV<lambda_332c3edc96d0294ec56c57d38c1cdfd5>@@@Z@4HA 000000014001ef24     libucrt:onexit.obj
 0004:00000f24       $pdata$?fin$0@?0???$?RV<lambda_c36588078e9f5dfd39652860aa6b3aaf>@@AEAV<lambda_ec61778202f4f5fc7e7711acc23c3bca>@@V<lambda_dc9d2797ccde5d239b4a0efae8ebd7db>@@@?$__crt_seh_guarded_call@P6AXH@Z@@QEAAP6AXH@Z$$QEAV<lambda_c36588078e9f5dfd39652860aa6b3aaf>@@AEAV<lambda_ec61778202f4f5fc7e7711acc23c3bca>@@$$QEAV<lambda_dc9d2797ccde5d239b4a0efae8ebd7db>@@@Z@4HA 000000014001ef24     libucrt:signal.obj
 0004:00000f24       $pdata$?fin$0@?0???$?RV<lambda_72d1df2b273a38828b1ce30cbf4cdab5>@@AEAV<lambda_876a65b173b8412d3a47c70a915b0cf4>@@V<lambda_41932305e351933ebe8f8be3ed8bb5dc>@@@?$__crt_seh_guarded_call@X@@QEAAX$$QEAV<lambda_72d1df2b273a38828b1ce30cbf4cdab5>@@AEAV<lambda_876a65b173b8412d3a47c70a915b0cf4>@@$$QEAV<lambda_41932305e351933ebe8f8be3ed8bb5dc>@@@Z@4HA 000000014001ef24     libucrt:per_thread_data.obj
 0004:00000f24       $pdata$?fin$0@?0???$?RV<lambda_46352004c1216016012b18bd6f87e700>@@AEAV<lambda_3bd07e1a1191394380780325891bf33f>@@V<lambda_334532d3f185bcaa59b5be82d7d22bff>@@@?$__crt_seh_guarded_call@X@@QEAAX$$QEAV<lambda_46352004c1216016012b18bd6f87e700>@@AEAV<lambda_3bd07e1a1191394380780325891bf33f>@@$$QEAV<lambda_334532d3f185bcaa59b5be82d7d22bff>@@@Z@4HA 000000014001ef24     libucrt:per_thread_data.obj
 0004:00000f24       $pdata$?fin$0@?0???$?RV<lambda_5e887d1dcbef67a5eb4283622ba103bf>@@AEAV<lambda_4466841279450cc726390878d4a41900>@@V<lambda_341c25c0346d94847f1f3c463c57e077>@@@?$__crt_seh_guarded_call@X@@QEAAX$$QEAV<lambda_5e887d1dcbef67a5eb4283622ba103bf>@@AEAV<lambda_4466841279450cc726390878d4a41900>@@$$QEAV<lambda_341c25c0346d94847f1f3c463c57e077>@@@Z@4HA 000000014001ef24     libucrt:per_thread_data.obj
 0004:00000f30       $pdata$__acrt_initialize_lowio$fin$0 000000014001ef30     libucrt:ioinit.obj
 0004:00000f30       $pdata$__acrt_lowio_ensure_fh_exists$fin$0 000000014001ef30     libucrt:osfinfo.obj
 0004:00000f3c       $pdata$__acrt_update_thread_multibyte_data$fin$0 000000014001ef3c     libucrt:mbctype.obj
 0004:00000f48       $pdata$_query_new_handler$fin$0 000000014001ef48     libucrt:new_handler.obj
 0004:00000f54       $pdata$raise$fin$0         000000014001ef54     libucrt:signal.obj
 0004:00000f60       $pdata$_fcloseall$fin$0    000000014001ef60     libucrt:closeall.obj
 0004:00000f6c       $pdata$common_flush_all$fin$0 000000014001ef6c     libucrt:fflush.obj
 0004:00000f78       $pdata$common_flush_all$fin$1 000000014001ef78     libucrt:fflush.obj
 0004:00000f84       $pdata$_write$fin$0        000000014001ef84     libucrt:write.obj
 0004:00000f90       $pdata$fclose$fin$0        000000014001ef90     libucrt:fclose.obj
 0004:00000f9c       $pdata$?fin$0@?0???$?RV<lambda_bfedae4ebbf01fab1bb6dcc6a9e276e0>@@AEAV<lambda_2fe9b910cf3cbf4a0ab98a02ba45b3ec>@@V<lambda_237c231691f317818eb88cc1d5d642d6>@@@?$__crt_seh_guarded_call@H@@QEAAH$$QEAV<lambda_bfedae4ebbf01fab1bb6dcc6a9e276e0>@@AEAV<lambda_2fe9b910cf3cbf4a0ab98a02ba45b3ec>@@$$QEAV<lambda_237c231691f317818eb88cc1d5d642d6>@@@Z@4HA 000000014001ef9c     libucrt:close.obj
 0004:00000f9c       $pdata$?fin$0@?0???$?RV<lambda_b521505b218e5242e90febf6bfebc422>@@AEAV<lambda_6978c1fb23f02e42e1d9e99668cc68aa>@@V<lambda_314360699dd331753a4119843814e9a7>@@@?$__crt_seh_guarded_call@H@@QEAAH$$QEAV<lambda_b521505b218e5242e90febf6bfebc422>@@AEAV<lambda_6978c1fb23f02e42e1d9e99668cc68aa>@@$$QEAV<lambda_314360699dd331753a4119843814e9a7>@@@Z@4HA 000000014001ef9c     libucrt:commit.obj
 0004:00000fa8       $pdata$common_control87$filt$0 000000014001efa8     libucrt:ieee.obj
 0004:00000fa8       $pdata$_ctrlfp$filt$0      000000014001efa8     libucrt:fpctrl.obj
 0004:00000fb4       $pdata$_IsNonwritableInCurrentImage$filt$0 000000014001efb4     LIBCMT:pesect.obj
